Archive member included to satisfy reference by file (symbol)

/opt/st/stm32cubeide_1.3.0/plugins/com.st.stm32cube.ide.mcu.externaltools.gnu-tools-for-stm32.7-2018-q2-update.linux64_1.0.0.201904181610/tools/bin/../lib/gcc/arm-none-eabi/7.3.1/../../../../arm-none-eabi/lib/thumb/v7-m/libc_nano.a(lib_a-errno.o)
                              Core/Src/syscalls.o (__errno)
/opt/st/stm32cubeide_1.3.0/plugins/com.st.stm32cube.ide.mcu.externaltools.gnu-tools-for-stm32.7-2018-q2-update.linux64_1.0.0.201904181610/tools/bin/../lib/gcc/arm-none-eabi/7.3.1/../../../../arm-none-eabi/lib/thumb/v7-m/libc_nano.a(lib_a-exit.o)
                              /opt/st/stm32cubeide_1.3.0/plugins/com.st.stm32cube.ide.mcu.externaltools.gnu-tools-for-stm32.7-2018-q2-update.linux64_1.0.0.201904181610/tools/bin/../lib/gcc/arm-none-eabi/7.3.1/../../../../arm-none-eabi/lib/thumb/v7-m/crt0.o (exit)
/opt/st/stm32cubeide_1.3.0/plugins/com.st.stm32cube.ide.mcu.externaltools.gnu-tools-for-stm32.7-2018-q2-update.linux64_1.0.0.201904181610/tools/bin/../lib/gcc/arm-none-eabi/7.3.1/../../../../arm-none-eabi/lib/thumb/v7-m/libc_nano.a(lib_a-impure.o)
                              /opt/st/stm32cubeide_1.3.0/plugins/com.st.stm32cube.ide.mcu.externaltools.gnu-tools-for-stm32.7-2018-q2-update.linux64_1.0.0.201904181610/tools/bin/../lib/gcc/arm-none-eabi/7.3.1/../../../../arm-none-eabi/lib/thumb/v7-m/libc_nano.a(lib_a-exit.o) (_global_impure_ptr)
/opt/st/stm32cubeide_1.3.0/plugins/com.st.stm32cube.ide.mcu.externaltools.gnu-tools-for-stm32.7-2018-q2-update.linux64_1.0.0.201904181610/tools/bin/../lib/gcc/arm-none-eabi/7.3.1/../../../../arm-none-eabi/lib/thumb/v7-m/libc_nano.a(lib_a-init.o)
                              /opt/st/stm32cubeide_1.3.0/plugins/com.st.stm32cube.ide.mcu.externaltools.gnu-tools-for-stm32.7-2018-q2-update.linux64_1.0.0.201904181610/tools/bin/../lib/gcc/arm-none-eabi/7.3.1/../../../../arm-none-eabi/lib/thumb/v7-m/crt0.o (__libc_init_array)
/opt/st/stm32cubeide_1.3.0/plugins/com.st.stm32cube.ide.mcu.externaltools.gnu-tools-for-stm32.7-2018-q2-update.linux64_1.0.0.201904181610/tools/bin/../lib/gcc/arm-none-eabi/7.3.1/../../../../arm-none-eabi/lib/thumb/v7-m/libc_nano.a(lib_a-memmove.o)
                              Core/Src/ssd1306_tests.o (memmove)
/opt/st/stm32cubeide_1.3.0/plugins/com.st.stm32cube.ide.mcu.externaltools.gnu-tools-for-stm32.7-2018-q2-update.linux64_1.0.0.201904181610/tools/bin/../lib/gcc/arm-none-eabi/7.3.1/../../../../arm-none-eabi/lib/thumb/v7-m/libc_nano.a(lib_a-memset.o)
                              /opt/st/stm32cubeide_1.3.0/plugins/com.st.stm32cube.ide.mcu.externaltools.gnu-tools-for-stm32.7-2018-q2-update.linux64_1.0.0.201904181610/tools/bin/../lib/gcc/arm-none-eabi/7.3.1/../../../../arm-none-eabi/lib/thumb/v7-m/crt0.o (memset)
/opt/st/stm32cubeide_1.3.0/plugins/com.st.stm32cube.ide.mcu.externaltools.gnu-tools-for-stm32.7-2018-q2-update.linux64_1.0.0.201904181610/tools/bin/../lib/gcc/arm-none-eabi/7.3.1/../../../../arm-none-eabi/lib/thumb/v7-m/libc_nano.a(lib_a-snprintf.o)
                              Core/Src/ssd1306_tests.o (snprintf)
/opt/st/stm32cubeide_1.3.0/plugins/com.st.stm32cube.ide.mcu.externaltools.gnu-tools-for-stm32.7-2018-q2-update.linux64_1.0.0.201904181610/tools/bin/../lib/gcc/arm-none-eabi/7.3.1/../../../../arm-none-eabi/lib/thumb/v7-m/libc_nano.a(lib_a-nano-svfprintf.o)
                              /opt/st/stm32cubeide_1.3.0/plugins/com.st.stm32cube.ide.mcu.externaltools.gnu-tools-for-stm32.7-2018-q2-update.linux64_1.0.0.201904181610/tools/bin/../lib/gcc/arm-none-eabi/7.3.1/../../../../arm-none-eabi/lib/thumb/v7-m/libc_nano.a(lib_a-snprintf.o) (_svfprintf_r)
/opt/st/stm32cubeide_1.3.0/plugins/com.st.stm32cube.ide.mcu.externaltools.gnu-tools-for-stm32.7-2018-q2-update.linux64_1.0.0.201904181610/tools/bin/../lib/gcc/arm-none-eabi/7.3.1/../../../../arm-none-eabi/lib/thumb/v7-m/libc_nano.a(lib_a-nano-vfprintf_i.o)
                              /opt/st/stm32cubeide_1.3.0/plugins/com.st.stm32cube.ide.mcu.externaltools.gnu-tools-for-stm32.7-2018-q2-update.linux64_1.0.0.201904181610/tools/bin/../lib/gcc/arm-none-eabi/7.3.1/../../../../arm-none-eabi/lib/thumb/v7-m/libc_nano.a(lib_a-nano-svfprintf.o) (_printf_i)
/opt/st/stm32cubeide_1.3.0/plugins/com.st.stm32cube.ide.mcu.externaltools.gnu-tools-for-stm32.7-2018-q2-update.linux64_1.0.0.201904181610/tools/bin/../lib/gcc/arm-none-eabi/7.3.1/../../../../arm-none-eabi/lib/thumb/v7-m/libc_nano.a(lib_a-memchr-stub.o)
                              /opt/st/stm32cubeide_1.3.0/plugins/com.st.stm32cube.ide.mcu.externaltools.gnu-tools-for-stm32.7-2018-q2-update.linux64_1.0.0.201904181610/tools/bin/../lib/gcc/arm-none-eabi/7.3.1/../../../../arm-none-eabi/lib/thumb/v7-m/libc_nano.a(lib_a-nano-svfprintf.o) (memchr)
/opt/st/stm32cubeide_1.3.0/plugins/com.st.stm32cube.ide.mcu.externaltools.gnu-tools-for-stm32.7-2018-q2-update.linux64_1.0.0.201904181610/tools/bin/../lib/gcc/arm-none-eabi/7.3.1/../../../../arm-none-eabi/lib/thumb/v7-m/libc_nano.a(lib_a-memcpy-stub.o)
[...]
Memory Configuration

Name             Origin             Length             Attributes
RAM              0x0000000020000000 0x0000000000005000 xrw
FLASH            0x0000000008000000 0x0000000000010000 xr
*default*        0x0000000000000000 0xffffffffffffffff

Linker script and memory map

LOAD /opt/st/stm32cubeide_1.3.0/plugins/com.st.stm32cube.ide.mcu.externaltools.gnu-tools-for-stm32.7-2018-q2-update.linux64_1.0.0.201904181610/tools/bin/../lib/gcc/arm-none-eabi/7.3.1/thumb/v7-m/crti.o
LOAD /opt/st/stm32cubeide_1.3.0/plugins/com.st.stm32cube.ide.mcu.externaltools.gnu-tools-for-stm32.7-2018-q2-update.linux64_1.0.0.201904181610/tools/bin/../lib/gcc/arm-none-eabi/7.3.1/thumb/v7-m/crtbegin.o
LOAD /opt/st/stm32cubeide_1.3.0/plugins/com.st.stm32cube.ide.mcu.externaltools.gnu-tools-for-stm32.7-2018-q2-update.linux64_1.0.0.201904181610/tools/bin/../lib/gcc/arm-none-eabi/7.3.1/../../../../arm-none-eabi/lib/thumb/v7-m/crt0.o
LOAD Core/Src/keyPad.o
LOAD Core/Src/main.o
LOAD Core/Src/ssd1306.o
LOAD Core/Src/ssd1306_fonts.o
LOAD Core/Src/ssd1306_tests.o
LOAD Core/Src/stm32f1xx_hal_msp.o
LOAD Core/Src/stm32f1xx_it.o
LOAD Core/Src/syscalls.o
LOAD Core/Src/sysmem.o
LOAD Core/Src/system_stm32f1xx.o
LOAD Core/Startup/startup_stm32f103c8tx.o
LOAD Drivers/STM32F1xx_HAL_Driver/Src/stm32f1xx_hal.o
LOAD Drivers/STM32F1xx_HAL_Driver/Src/stm32f1xx_hal_cortex.o
LOAD Drivers/STM32F1xx_HAL_Driver/Src/stm32f1xx_hal_dma.o
LOAD Drivers/STM32F1xx_HAL_Driver/Src/stm32f1xx_hal_exti.o
LOAD Drivers/STM32F1xx_HAL_Driver/Src/stm32f1xx_hal_flash.o
LOAD Drivers/STM32F1xx_HAL_Driver/Src/stm32f1xx_hal_flash_ex.o
LOAD Drivers/STM32F1xx_HAL_Driver/Src/stm32f1xx_hal_gpio.o
LOAD Drivers/STM32F1xx_HAL_Driver/Src/stm32f1xx_hal_gpio_ex.o
LOAD Drivers/STM32F1xx_HAL_Driver/Src/stm32f1xx_hal_i2c.o
LOAD Drivers/STM32F1xx_HAL_Driver/Src/stm32f1xx_hal_pcd.o
LOAD Drivers/STM32F1xx_HAL_Driver/Src/stm32f1xx_hal_pcd_ex.o
LOAD Drivers/STM32F1xx_HAL_Driver/Src/stm32f1xx_hal_pwr.o
LOAD Drivers/STM32F1xx_HAL_Driver/Src/stm32f1xx_hal_rcc.o
LOAD Drivers/STM32F1xx_HAL_Driver/Src/stm32f1xx_hal_rcc_ex.o
LOAD Drivers/STM32F1xx_HAL_Driver/Src/stm32f1xx_hal_tim.o
LOAD Drivers/STM32F1xx_HAL_Driver/Src/stm32f1xx_hal_tim_ex.o
LOAD Drivers/STM32F1xx_HAL_Driver/Src/stm32f1xx_ll_usb.o
LOAD Middlewares/ST/STM32_USB_Device_Library/Class/HID/Src/usbd_hid.o
LOAD Middlewares/ST/STM32_USB_Device_Library/Core/Src/usbd_core.o
LOAD Middlewares/ST/STM32_USB_Device_Library/Core/Src/usbd_ctlreq.o
LOAD Middlewares/ST/STM32_USB_Device_Library/Core/Src/usbd_ioreq.o
LOAD USB_DEVICE/App/usb_device.o
LOAD USB_DEVICE/App/usbd_desc.o
LOAD USB_DEVICE/Target/usbd_conf.o
START GROUP
LOAD /opt/st/stm32cubeide_1.3.0/plugins/com.st.stm32cube.ide.mcu.externaltools.gnu-tools-for-stm32.7-2018-q2-update.linux64_1.0.0.201904181610/tools/bin/../lib/gcc/arm-none-eabi/7.3.1/../../../../arm-none-eabi/lib/thumb/v7-m/libstdc++_nano.a
LOAD /opt/st/stm32cubeide_1.3.0/plugins/com.st.stm32cube.ide.mcu.externaltools.gnu-tools-for-stm32.7-2018-q2-update.linux64_1.0.0.201904181610/tools/bin/../lib/gcc/arm-none-eabi/7.3.1/../../../../arm-none-eabi/lib/thumb/v7-m/libsupc++_nano.a
END GROUP
LOAD /opt/st/stm32cubeide_1.3.0/plugins/com.st.stm32cube.ide.mcu.externaltools.gnu-tools-for-stm32.7-2018-q2-update.linux64_1.0.0.201904181610/tools/bin/../lib/gcc/arm-none-eabi/7.3.1/../../../../arm-none-eabi/lib/thumb/v7-m/libstdc++_nano.a
LOAD /opt/st/stm32cubeide_1.3.0/plugins/com.st.stm32cube.ide.mcu.externaltools.gnu-tools-for-stm32.7-2018-q2-update.linux64_1.0.0.201904181610/tools/bin/../lib/gcc/arm-none-eabi/7.3.1/../../../../arm-none-eabi/lib/thumb/v7-m/libm.a
LOAD /opt/st/stm32cubeide_1.3.0/plugins/com.st.stm32cube.ide.mcu.externaltools.gnu-tools-for-stm32.7-2018-q2-update.linux64_1.0.0.201904181610/tools/bin/../lib/gcc/arm-none-eabi/7.3.1/../../../../arm-none-eabi/lib/thumb/v7-m/libc_nano.a
START GROUP
LOAD /opt/st/stm32cubeide_1.3.0/plugins/com.st.stm32cube.ide.mcu.externaltools.gnu-tools-for-stm32.7-2018-q2-update.linux64_1.0.0.201904181610/tools/bin/../lib/gcc/arm-none-eabi/7.3.1/thumb/v7-m/libgcc.a
LOAD /opt/st/stm32cubeide_1.3.0/plugins/com.st.stm32cube.ide.mcu.externaltools.gnu-tools-for-stm32.7-2018-q2-update.linux64_1.0.0.201904181610/tools/bin/../lib/gcc/arm-none-eabi/7.3.1/../../../../arm-none-eabi/lib/thumb/v7-m/libc_nano.a
END GROUP
START GROUP
LOAD /opt/st/stm32cubeide_1.3.0/plugins/com.st.stm32cube.ide.mcu.externaltools.gnu-tools-for-stm32.7-2018-q2-update.linux64_1.0.0.201904181610/tools/bin/../lib/gcc/arm-none-eabi/7.3.1/thumb/v7-m/libgcc.a
LOAD /opt/st/stm32cubeide_1.3.0/plugins/com.st.stm32cube.ide.mcu.externaltools.gnu-tools-for-stm32.7-2018-q2-update.linux64_1.0.0.201904181610/tools/bin/../lib/gcc/arm-none-eabi/7.3.1/../../../../arm-none-eabi/lib/thumb/v7-m/libc_nano.a
LOAD /opt/st/stm32cubeide_1.3.0/plugins/com.st.stm32cube.ide.mcu.externaltools.gnu-tools-for-stm32.7-2018-q2-update.linux64_1.0.0.201904181610/tools/bin/../lib/gcc/arm-none-eabi/7.3.1/../../../../arm-none-eabi/lib/thumb/v7-m/libnosys.a
END GROUP
START GROUP
LOAD /opt/st/stm32cubeide_1.3.0/plugins/com.st.stm32cube.ide.mcu.externaltools.gnu-tools-for-stm32.7-2018-q2-update.linux64_1.0.0.201904181610/tools/bin/../lib/gcc/arm-none-eabi/7.3.1/thumb/v7-m/libgcc.a
LOAD /opt/st/stm32cubeide_1.3.0/plugins/com.st.stm32cube.ide.mcu.externaltools.gnu-tools-for-stm32.7-2018-q2-update.linux64_1.0.0.201904181610/tools/bin/../lib/gcc/arm-none-eabi/7.3.1/../../../../arm-none-eabi/lib/thumb/v7-m/libc_nano.a
LOAD /opt/st/stm32cubeide_1.3.0/plugins/com.st.stm32cube.ide.mcu.externaltools.gnu-tools-for-stm32.7-2018-q2-update.linux64_1.0.0.201904181610/tools/bin/../lib/gcc/arm-none-eabi/7.3.1/../../../../arm-none-eabi/lib/thumb/v7-m/libnosys.a
END GROUP
LOAD /opt/st/stm32cubeide_1.3.0/plugins/com.st.stm32cube.ide.mcu.externaltools.gnu-tools-for-stm32.7-2018-q2-update.linux64_1.0.0.201904181610/tools/bin/../lib/gcc/arm-none-eabi/7.3.1/thumb/v7-m/crtend.o
LOAD /opt/st/stm32cubeide_1.3.0/plugins/com.st.stm32cube.ide.mcu.externaltools.gnu-tools-for-stm32.7-2018-q2-update.linux64_1.0.0.201904181610/tools/bin/../lib/gcc/arm-none-eabi/7.3.1/thumb/v7-m/crtn.o
                0x0000000020005000                _estack = (ORIGIN (RAM) + LENGTH (RAM))
                0x0000000000000200                _Min_Heap_Size = 0x200
                0x0000000000000400                _Min_Stack_Size = 0x400

.isr_vector     0x0000000008000000      0x10c
                0x0000000008000000                . = ALIGN (0x4)
 *(.isr_vector)
 .isr_vector    0x0000000008000000      0x10c Core/Startup/startup_stm32f103c8tx.o
                0x0000000008000000                g_pfnVectors
                0x000000000800010c                . = ALIGN (0x4)

.text           0x000000000800010c     0x6af4
                0x000000000800010c                . = ALIGN (0x4)
 *(.text)
 .text          0x000000000800010c       0x40 /opt/st/stm32cubeide_1.3.0/plugins/com.st.stm32cube.ide.mcu.externaltools.gnu-tools-for-stm32.7-2018-q2-update.linux64_1.0.0.201904181610/tools/bin/../lib/gcc/arm-none-eabi/7.3.1/thumb/v7-m/crtbegin.o
 *(.text*)
 .text.TM_KEYPAD_Init
                0x000000000800014c        0xe Core/Src/keyPad.o
                0x000000000800014c                TM_KEYPAD_Init
 *fill*         0x000000000800015a        0x2 
 .text.TM_KEYPAD_Read
                0x000000000800015c       0x24 Core/Src/keyPad.o
                0x000000000800015c                TM_KEYPAD_Read
 .text.TM_KEYPAD_INT_SetRow
                0x0000000008000180       0x70 Core/Src/keyPad.o
                0x0000000008000180                TM_KEYPAD_INT_SetRow
 .text.TM_KEYPAD_INT_CheckRow
                0x00000000080001f0       0x80 Core/Src/keyPad.o
                0x00000000080001f0                TM_KEYPAD_INT_CheckRow
 .text.TM_KEYPAD_INT_Read
                0x0000000008000270       0x5e Core/Src/keyPad.o
                0x0000000008000270                TM_KEYPAD_INT_Read
 *fill*         0x00000000080002ce        0x2 
 .text.TM_KEYPAD_Update
                0x00000000080002d0       0x40 Core/Src/keyPad.o
                0x00000000080002d0                TM_KEYPAD_Update
 .text.main     0x0000000008000310      0x3dc Core/Src/main.o
                0x0000000008000310                main
 .text.SystemClock_Config
                0x00000000080006ec       0xb6 Core/Src/main.o
                0x00000000080006ec                SystemClock_Config
 *fill*         0x00000000080007a2        0x2 
 .text.MX_I2C1_Init
                0x00000000080007a4       0x5c Core/Src/main.o
 .text.MX_TIM1_Init
                0x0000000008000800       0xa0 Core/Src/main.o
 .text.MX_GPIO_Init
                0x00000000080008a0       0xfc Core/Src/main.o
 .text.HAL_TIM_PeriodElapsedCallback
                0x000000000800099c       0x24 Core/Src/main.o
                0x000000000800099c                HAL_TIM_PeriodElapsedCallback
 .text.Error_Handler
                0x00000000080009c0        0xc Core/Src/main.o
                0x00000000080009c0                Error_Handler
 .text.ssd1306_Reset
                0x00000000080009cc        0xc Core/Src/ssd1306.o
                0x00000000080009cc                ssd1306_Reset
 .text.ssd1306_WriteCommand
                0x00000000080009d8       0x30 Core/Src/ssd1306.o
                0x00000000080009d8                ssd1306_WriteCommand
 .text.ssd1306_WriteData
                0x0000000008000a08       0x34 Core/Src/ssd1306.o
                0x0000000008000a08                ssd1306_WriteData
 .text.ssd1306_Init
                0x0000000008000a3c       0xdc Core/Src/ssd1306.o
                0x0000000008000a3c                ssd1306_Init
 .text.ssd1306_Fill
                0x0000000008000b18       0x44 Core/Src/ssd1306.o
                0x0000000008000b18                ssd1306_Fill
 .text.ssd1306_UpdateScreen
                0x0000000008000b5c       0x4c Core/Src/ssd1306.o
                0x0000000008000b5c                ssd1306_UpdateScreen
 .text.ssd1306_DrawPixel
                0x0000000008000ba8       0xc0 Core/Src/ssd1306.o
                0x0000000008000ba8                ssd1306_DrawPixel
 .text.ssd1306_WriteChar
                0x0000000008000c68      0x110 Core/Src/ssd1306.o
                0x0000000008000c68                ssd1306_WriteChar
 .text.ssd1306_WriteString
                0x0000000008000d78       0x4c Core/Src/ssd1306.o
                0x0000000008000d78                ssd1306_WriteString
 .text.ssd1306_SetCursor
                0x0000000008000dc4       0x30 Core/Src/ssd1306.o
                0x0000000008000dc4                ssd1306_SetCursor
 .text.HAL_MspInit
                0x0000000008000df4       0x64 Core/Src/stm32f1xx_hal_msp.o
                0x0000000008000df4                HAL_MspInit
 .text.HAL_I2C_MspInit
                0x0000000008000e58       0x7c Core/Src/stm32f1xx_hal_msp.o
                0x0000000008000e58                HAL_I2C_MspInit
 .text.HAL_TIM_Base_MspInit
                0x0000000008000ed4       0x4c Core/Src/stm32f1xx_hal_msp.o
                0x0000000008000ed4                HAL_TIM_Base_MspInit
 .text.NMI_Handler
                0x0000000008000f20        0xc Core/Src/stm32f1xx_it.o
                0x0000000008000f20                NMI_Handler
 .text.HardFault_Handler
                0x0000000008000f2c        0x6 Core/Src/stm32f1xx_it.o
                0x0000000008000f2c                HardFault_Handler
 .text.MemManage_Handler
                0x0000000008000f32        0x6 Core/Src/stm32f1xx_it.o
                0x0000000008000f32                MemManage_Handler
 .text.BusFault_Handler
                0x0000000008000f38        0x6 Core/Src/stm32f1xx_it.o
                0x0000000008000f38                BusFault_Handler
 .text.UsageFault_Handler
                0x0000000008000f3e        0x6 Core/Src/stm32f1xx_it.o
                0x0000000008000f3e                UsageFault_Handler
 .text.SVC_Handler
                0x0000000008000f44        0xc Core/Src/stm32f1xx_it.o
                0x0000000008000f44                SVC_Handler
 .text.DebugMon_Handler
                0x0000000008000f50        0xc Core/Src/stm32f1xx_it.o
                0x0000000008000f50                DebugMon_Handler
 .text.PendSV_Handler
                0x0000000008000f5c        0xc Core/Src/stm32f1xx_it.o
                0x0000000008000f5c                PendSV_Handler
 .text.SysTick_Handler
                0x0000000008000f68        0xc Core/Src/stm32f1xx_it.o
                0x0000000008000f68                SysTick_Handler
 .text.USB_LP_CAN1_RX0_IRQHandler
                0x0000000008000f74       0x14 Core/Src/stm32f1xx_it.o
                0x0000000008000f74                USB_LP_CAN1_RX0_IRQHandler
 .text.TIM1_UP_IRQHandler
                0x0000000008000f88       0x14 Core/Src/stm32f1xx_it.o
                0x0000000008000f88                TIM1_UP_IRQHandler
 .text.SystemInit
                0x0000000008000f9c       0x68 Core/Src/system_stm32f1xx.o
                0x0000000008000f9c                SystemInit
 .text.Reset_Handler
                0x0000000008001004       0x48 Core/Startup/startup_stm32f103c8tx.o
                0x0000000008001004                Reset_Handler
 .text.Default_Handler
                0x000000000800104c        0x2 Core/Startup/startup_stm32f103c8tx.o
                0x000000000800104c                RTC_Alarm_IRQHandler
                0x000000000800104c                EXTI2_IRQHandler
                0x000000000800104c                TIM1_CC_IRQHandler
                0x000000000800104c                PVD_IRQHandler
                0x000000000800104c                EXTI3_IRQHandler
                0x000000000800104c                EXTI0_IRQHandler
                0x000000000800104c                I2C2_EV_IRQHandler
                0x000000000800104c                ADC1_2_IRQHandler
                0x000000000800104c                SPI1_IRQHandler
                0x000000000800104c                TAMPER_IRQHandler
                0x000000000800104c                DMA1_Channel4_IRQHandler
                0x000000000800104c                USART3_IRQHandler
                0x000000000800104c                RTC_IRQHandler
                0x000000000800104c                DMA1_Channel7_IRQHandler
                0x000000000800104c                CAN1_RX1_IRQHandler
                0x000000000800104c                TIM4_IRQHandler
                0x000000000800104c                I2C1_EV_IRQHandler
                0x000000000800104c                DMA1_Channel6_IRQHandler
                0x000000000800104c                TIM3_IRQHandler
                0x000000000800104c                RCC_IRQHandler
                0x000000000800104c                TIM1_TRG_COM_IRQHandler
                0x000000000800104c                DMA1_Channel1_IRQHandler
                0x000000000800104c                Default_Handler
                0x000000000800104c                EXTI15_10_IRQHandler
                0x000000000800104c                EXTI9_5_IRQHandler
                0x000000000800104c                SPI2_IRQHandler
                0x000000000800104c                DMA1_Channel5_IRQHandler
                0x000000000800104c                EXTI4_IRQHandler
                0x000000000800104c                USB_HP_CAN1_TX_IRQHandler
                0x000000000800104c                DMA1_Channel3_IRQHandler
                0x000000000800104c                WWDG_IRQHandler
                0x000000000800104c                TIM2_IRQHandler
                0x000000000800104c                TIM1_BRK_IRQHandler
                0x000000000800104c                EXTI1_IRQHandler
                0x000000000800104c                USART2_IRQHandler
                0x000000000800104c                I2C2_ER_IRQHandler
                0x000000000800104c                DMA1_Channel2_IRQHandler
                0x000000000800104c                CAN1_SCE_IRQHandler
                0x000000000800104c                FLASH_IRQHandler
                0x000000000800104c                USART1_IRQHandler
                0x000000000800104c                I2C1_ER_IRQHandler
                0x000000000800104c                USBWakeUp_IRQHandler
 *fill*         0x000000000800104e        0x2 
 .text.HAL_Init
                0x0000000008001050       0x2c Drivers/STM32F1xx_HAL_Driver/Src/stm32f1xx_hal.o
                0x0000000008001050                HAL_Init
 .text.HAL_InitTick
                0x000000000800107c       0x60 Drivers/STM32F1xx_HAL_Driver/Src/stm32f1xx_hal.o
                0x000000000800107c                HAL_InitTick
 .text.HAL_IncTick
                0x00000000080010dc       0x24 Drivers/STM32F1xx_HAL_Driver/Src/stm32f1xx_hal.o
                0x00000000080010dc                HAL_IncTick
 .text.HAL_GetTick
                0x0000000008001100       0x14 Drivers/STM32F1xx_HAL_Driver/Src/stm32f1xx_hal.o
                0x0000000008001100                HAL_GetTick
 .text.HAL_Delay
                0x0000000008001114       0x44 Drivers/STM32F1xx_HAL_Driver/Src/stm32f1xx_hal.o
                0x0000000008001114                HAL_Delay
 .text.__NVIC_SetPriorityGrouping
                0x0000000008001158       0x48 Drivers/STM32F1xx_HAL_Driver/Src/stm32f1xx_hal_cortex.o
 .text.__NVIC_GetPriorityGrouping
                0x00000000080011a0       0x1c Drivers/STM32F1xx_HAL_Driver/Src/stm32f1xx_hal_cortex.o
 .text.__NVIC_EnableIRQ
                0x00000000080011bc       0x38 Drivers/STM32F1xx_HAL_Driver/Src/stm32f1xx_hal_cortex.o
 .text.__NVIC_SetPriority
                0x00000000080011f4       0x54 Drivers/STM32F1xx_HAL_Driver/Src/stm32f1xx_hal_cortex.o
 .text.NVIC_EncodePriority
                0x0000000008001248       0x64 Drivers/STM32F1xx_HAL_Driver/Src/stm32f1xx_hal_cortex.o
 .text.SysTick_Config
                0x00000000080012ac       0x44 Drivers/STM32F1xx_HAL_Driver/Src/stm32f1xx_hal_cortex.o
 .text.HAL_NVIC_SetPriorityGrouping
                0x00000000080012f0       0x16 Drivers/STM32F1xx_HAL_Driver/Src/stm32f1xx_hal_cortex.o
                0x00000000080012f0                HAL_NVIC_SetPriorityGrouping
 .text.HAL_NVIC_SetPriority
                0x0000000008001306       0x38 Drivers/STM32F1xx_HAL_Driver/Src/stm32f1xx_hal_cortex.o
                0x0000000008001306                HAL_NVIC_SetPriority
 .text.HAL_NVIC_EnableIRQ
                0x000000000800133e       0x1c Drivers/STM32F1xx_HAL_Driver/Src/stm32f1xx_hal_cortex.o
                0x000000000800133e                HAL_NVIC_EnableIRQ
 .text.HAL_SYSTICK_Config
                0x000000000800135a       0x18 Drivers/STM32F1xx_HAL_Driver/Src/stm32f1xx_hal_cortex.o
                0x000000000800135a                HAL_SYSTICK_Config
 *fill*         0x0000000008001372        0x2 
 .text.HAL_GPIO_Init
                0x0000000008001374      0x2b4 Drivers/STM32F1xx_HAL_Driver/Src/stm32f1xx_hal_gpio.o
                0x0000000008001374                HAL_GPIO_Init
 .text.HAL_GPIO_ReadPin
                0x0000000008001628       0x2e Drivers/STM32F1xx_HAL_Driver/Src/stm32f1xx_hal_gpio.o
                0x0000000008001628                HAL_GPIO_ReadPin
 .text.HAL_GPIO_WritePin
                0x0000000008001656       0x30 Drivers/STM32F1xx_HAL_Driver/Src/stm32f1xx_hal_gpio.o
                0x0000000008001656                HAL_GPIO_WritePin
 .text.HAL_GPIO_TogglePin
                0x0000000008001686       0x30 Drivers/STM32F1xx_HAL_Driver/Src/stm32f1xx_hal_gpio.o
                0x0000000008001686                HAL_GPIO_TogglePin
 *fill*         0x00000000080016b6        0x2 
 .text.HAL_I2C_Init
                0x00000000080016b8      0x250 Drivers/STM32F1xx_HAL_Driver/Src/stm32f1xx_hal_i2c.o
                0x00000000080016b8                HAL_I2C_Init
 .text.HAL_I2C_Mem_Write
                0x0000000008001908      0x1f4 Drivers/STM32F1xx_HAL_Driver/Src/stm32f1xx_hal_i2c.o
                0x0000000008001908                HAL_I2C_Mem_Write
 .text.I2C_RequestMemoryWrite
                0x0000000008001afc      0x114 Drivers/STM32F1xx_HAL_Driver/Src/stm32f1xx_hal_i2c.o
 .text.I2C_WaitOnFlagUntilTimeout
                0x0000000008001c10       0xae Drivers/STM32F1xx_HAL_Driver/Src/stm32f1xx_hal_i2c.o
 .text.I2C_WaitOnMasterAddressFlagUntilTimeout
                0x0000000008001cbe       0xfe Drivers/STM32F1xx_HAL_Driver/Src/stm32f1xx_hal_i2c.o
 .text.I2C_WaitOnTXEFlagUntilTimeout
                0x0000000008001dbc       0x82 Drivers/STM32F1xx_HAL_Driver/Src/stm32f1xx_hal_i2c.o
 .text.I2C_WaitOnBTFFlagUntilTimeout
                0x0000000008001e3e       0x82 Drivers/STM32F1xx_HAL_Driver/Src/stm32f1xx_hal_i2c.o
 .text.I2C_IsAcknowledgeFailed
                0x0000000008001ec0       0x5c Drivers/STM32F1xx_HAL_Driver/Src/stm32f1xx_hal_i2c.o
 .text.HAL_PCD_Init
                0x0000000008001f1c      0x1c2 Drivers/STM32F1xx_HAL_Driver/Src/stm32f1xx_hal_pcd.o
                0x0000000008001f1c                HAL_PCD_Init
 .text.HAL_PCD_Start
                0x00000000080020de       0x4c Drivers/STM32F1xx_HAL_Driver/Src/stm32f1xx_hal_pcd.o
                0x00000000080020de                HAL_PCD_Start
 .text.HAL_PCD_IRQHandler
                0x000000000800212a      0x21c Drivers/STM32F1xx_HAL_Driver/Src/stm32f1xx_hal_pcd.o
                0x000000000800212a                HAL_PCD_IRQHandler
 .text.HAL_PCD_SetAddress
                0x0000000008002346       0x4a Drivers/STM32F1xx_HAL_Driver/Src/stm32f1xx_hal_pcd.o
                0x0000000008002346                HAL_PCD_SetAddress
 .text.HAL_PCD_EP_Open
                0x0000000008002390       0xc0 Drivers/STM32F1xx_HAL_Driver/Src/stm32f1xx_hal_pcd.o
                0x0000000008002390                HAL_PCD_EP_Open
 .text.HAL_PCD_EP_Close
                0x0000000008002450       0x84 Drivers/STM32F1xx_HAL_Driver/Src/stm32f1xx_hal_pcd.o
                0x0000000008002450                HAL_PCD_EP_Close
 .text.HAL_PCD_EP_Receive
                0x00000000080024d4       0x74 Drivers/STM32F1xx_HAL_Driver/Src/stm32f1xx_hal_pcd.o
                0x00000000080024d4                HAL_PCD_EP_Receive
 .text.HAL_PCD_EP_Transmit
                0x0000000008002548       0x72 Drivers/STM32F1xx_HAL_Driver/Src/stm32f1xx_hal_pcd.o
                0x0000000008002548                HAL_PCD_EP_Transmit
 .text.HAL_PCD_EP_SetStall
                0x00000000080025ba       0xb4 Drivers/STM32F1xx_HAL_Driver/Src/stm32f1xx_hal_pcd.o
                0x00000000080025ba                HAL_PCD_EP_SetStall
 .text.HAL_PCD_EP_ClrStall
                0x000000000800266e       0x9c Drivers/STM32F1xx_HAL_Driver/Src/stm32f1xx_hal_pcd.o
                0x000000000800266e                HAL_PCD_EP_ClrStall
 *fill*         0x000000000800270a        0x2 
 .text.PCD_EP_ISR_Handler
                0x000000000800270c      0x534 Drivers/STM32F1xx_HAL_Driver/Src/stm32f1xx_hal_pcd.o
 .text.HAL_PCDEx_PMAConfig
                0x0000000008002c40       0x78 Drivers/STM32F1xx_HAL_Driver/Src/stm32f1xx_hal_pcd_ex.o
                0x0000000008002c40                HAL_PCDEx_PMAConfig
 .text.HAL_RCC_OscConfig
                0x0000000008002cb8      0x500 Drivers/STM32F1xx_HAL_Driver/Src/stm32f1xx_hal_rcc.o
                0x0000000008002cb8                HAL_RCC_OscConfig
 .text.HAL_RCC_ClockConfig
                0x00000000080031b8      0x1d4 Drivers/STM32F1xx_HAL_Driver/Src/stm32f1xx_hal_rcc.o
                0x00000000080031b8                HAL_RCC_ClockConfig
 .text.HAL_RCC_GetSysClockFreq
                0x000000000800338c       0xc4 Drivers/STM32F1xx_HAL_Driver/Src/stm32f1xx_hal_rcc.o
                0x000000000800338c                HAL_RCC_GetSysClockFreq
 .text.HAL_RCC_GetHCLKFreq
                0x0000000008003450       0x14 Drivers/STM32F1xx_HAL_Driver/Src/stm32f1xx_hal_rcc.o
                0x0000000008003450                HAL_RCC_GetHCLKFreq
 .text.HAL_RCC_GetPCLK1Freq
                0x0000000008003464       0x28 Drivers/STM32F1xx_HAL_Driver/Src/stm32f1xx_hal_rcc.o
                0x0000000008003464                HAL_RCC_GetPCLK1Freq
 .text.RCC_Delay
                0x000000000800348c       0x3c Drivers/STM32F1xx_HAL_Driver/Src/stm32f1xx_hal_rcc.o
 .text.HAL_RCCEx_PeriphCLKConfig
                0x00000000080034c8      0x16c Drivers/STM32F1xx_HAL_Driver/Src/stm32f1xx_hal_rcc_ex.o
                0x00000000080034c8                HAL_RCCEx_PeriphCLKConfig
 .text.HAL_TIM_Base_Init
                0x0000000008003634       0x56 Drivers/STM32F1xx_HAL_Driver/Src/stm32f1xx_hal_tim.o
                0x0000000008003634                HAL_TIM_Base_Init
 .text.HAL_TIM_Base_Start_IT
                0x000000000800368a       0x46 Drivers/STM32F1xx_HAL_Driver/Src/stm32f1xx_hal_tim.o
                0x000000000800368a                HAL_TIM_Base_Start_IT
 .text.HAL_TIM_IRQHandler
                0x00000000080036d0      0x210 Drivers/STM32F1xx_HAL_Driver/Src/stm32f1xx_hal_tim.o
                0x00000000080036d0                HAL_TIM_IRQHandler
 .text.HAL_TIM_ConfigClockSource
                0x00000000080038e0      0x16e Drivers/STM32F1xx_HAL_Driver/Src/stm32f1xx_hal_tim.o
                0x00000000080038e0                HAL_TIM_ConfigClockSource
 .text.HAL_TIM_OC_DelayElapsedCallback
                0x0000000008003a4e       0x12 Drivers/STM32F1xx_HAL_Driver/Src/stm32f1xx_hal_tim.o
                0x0000000008003a4e                HAL_TIM_OC_DelayElapsedCallback
 .text.HAL_TIM_IC_CaptureCallback
                0x0000000008003a60       0x12 Drivers/STM32F1xx_HAL_Driver/Src/stm32f1xx_hal_tim.o
                0x0000000008003a60                HAL_TIM_IC_CaptureCallback
 .text.HAL_TIM_PWM_PulseFinishedCallback
                0x0000000008003a72       0x12 Drivers/STM32F1xx_HAL_Driver/Src/stm32f1xx_hal_tim.o
                0x0000000008003a72                HAL_TIM_PWM_PulseFinishedCallback
 .text.HAL_TIM_TriggerCallback
                0x0000000008003a84       0x12 Drivers/STM32F1xx_HAL_Driver/Src/stm32f1xx_hal_tim.o
                0x0000000008003a84                HAL_TIM_TriggerCallback
 *fill*         0x0000000008003a96        0x2 
 .text.TIM_Base_SetConfig
                0x0000000008003a98       0xc4 Drivers/STM32F1xx_HAL_Driver/Src/stm32f1xx_hal_tim.o
                0x0000000008003a98                TIM_Base_SetConfig
 .text.TIM_TI1_ConfigInputStage
                0x0000000008003b5c       0x5c Drivers/STM32F1xx_HAL_Driver/Src/stm32f1xx_hal_tim.o
 .text.TIM_TI2_ConfigInputStage
                0x0000000008003bb8       0x5e Drivers/STM32F1xx_HAL_Driver/Src/stm32f1xx_hal_tim.o
 .text.TIM_ITRx_SetConfig
                0x0000000008003c16       0x34 Drivers/STM32F1xx_HAL_Driver/Src/stm32f1xx_hal_tim.o
 .text.TIM_ETR_SetConfig
                0x0000000008003c4a       0x3e Drivers/STM32F1xx_HAL_Driver/Src/stm32f1xx_hal_tim.o
                0x0000000008003c4a                TIM_ETR_SetConfig
 .text.HAL_TIMEx_MasterConfigSynchronization
                0x0000000008003c88       0x88 Drivers/STM32F1xx_HAL_Driver/Src/stm32f1xx_hal_tim_ex.o
                0x0000000008003c88                HAL_TIMEx_MasterConfigSynchronization
 .text.HAL_TIMEx_CommutCallback
                0x0000000008003d10       0x12 Drivers/STM32F1xx_HAL_Driver/Src/stm32f1xx_hal_tim_ex.o
                0x0000000008003d10                HAL_TIMEx_CommutCallback
 .text.HAL_TIMEx_BreakCallback
                0x0000000008003d22       0x12 Drivers/STM32F1xx_HAL_Driver/Src/stm32f1xx_hal_tim_ex.o
                0x0000000008003d22                HAL_TIMEx_BreakCallback
 .text.USB_CoreInit
                0x0000000008003d34       0x20 Drivers/STM32F1xx_HAL_Driver/Src/stm32f1xx_ll_usb.o
                0x0000000008003d34                USB_CoreInit
 .text.USB_EnableGlobalInt
                0x0000000008003d54       0x2e Drivers/STM32F1xx_HAL_Driver/Src/stm32f1xx_ll_usb.o
                0x0000000008003d54                USB_EnableGlobalInt
 .text.USB_DisableGlobalInt
                0x0000000008003d82       0x38 Drivers/STM32F1xx_HAL_Driver/Src/stm32f1xx_ll_usb.o
                0x0000000008003d82                USB_DisableGlobalInt
 .text.USB_SetCurrentMode
                0x0000000008003dba       0x18 Drivers/STM32F1xx_HAL_Driver/Src/stm32f1xx_ll_usb.o
                0x0000000008003dba                USB_SetCurrentMode
 .text.USB_DevInit
                0x0000000008003dd2       0x48 Drivers/STM32F1xx_HAL_Driver/Src/stm32f1xx_ll_usb.o
                0x0000000008003dd2                USB_DevInit
 *fill*         0x0000000008003e1a        0x2 
 .text.USB_ActivateEndpoint
                0x0000000008003e1c      0x5dc Drivers/STM32F1xx_HAL_Driver/Src/stm32f1xx_ll_usb.o
                0x0000000008003e1c                USB_ActivateEndpoint
 .text.USB_DeactivateEndpoint
                0x00000000080043f8      0x32c Drivers/STM32F1xx_HAL_Driver/Src/stm32f1xx_ll_usb.o
                0x00000000080043f8                USB_DeactivateEndpoint
 .text.USB_EPStartXfer
                0x0000000008004724      0x570 Drivers/STM32F1xx_HAL_Driver/Src/stm32f1xx_ll_usb.o
                0x0000000008004724                USB_EPStartXfer
 .text.USB_EPSetStall
                0x0000000008004c94       0x84 Drivers/STM32F1xx_HAL_Driver/Src/stm32f1xx_ll_usb.o
                0x0000000008004c94                USB_EPSetStall
 .text.USB_EPClearStall
                0x0000000008004d18      0x128 Drivers/STM32F1xx_HAL_Driver/Src/stm32f1xx_ll_usb.o
                0x0000000008004d18                USB_EPClearStall
 .text.USB_SetDevAddress
                0x0000000008004e40       0x26 Drivers/STM32F1xx_HAL_Driver/Src/stm32f1xx_ll_usb.o
                0x0000000008004e40                USB_SetDevAddress
 .text.USB_DevConnect
                0x0000000008004e66       0x14 Drivers/STM32F1xx_HAL_Driver/Src/stm32f1xx_ll_usb.o
                0x0000000008004e66                USB_DevConnect
 .text.USB_DevDisconnect
                0x0000000008004e7a       0x14 Drivers/STM32F1xx_HAL_Driver/Src/stm32f1xx_ll_usb.o
                0x0000000008004e7a                USB_DevDisconnect
 .text.USB_ReadInterrupts
                0x0000000008004e8e       0x1e Drivers/STM32F1xx_HAL_Driver/Src/stm32f1xx_ll_usb.o
                0x0000000008004e8e                USB_ReadInterrupts
 .text.USB_EP0_OutStart
                0x0000000008004eac       0x16 Drivers/STM32F1xx_HAL_Driver/Src/stm32f1xx_ll_usb.o
                0x0000000008004eac                USB_EP0_OutStart
 .text.USB_WritePMA
                0x0000000008004ec2       0x88 Drivers/STM32F1xx_HAL_Driver/Src/stm32f1xx_ll_usb.o
                0x0000000008004ec2                USB_WritePMA
 .text.USB_ReadPMA
                0x0000000008004f4a       0x9e Drivers/STM32F1xx_HAL_Driver/Src/stm32f1xx_ll_usb.o
                0x0000000008004f4a                USB_ReadPMA
 .text.USBD_HID_Init
                0x0000000008004fe8       0x4e Middlewares/ST/STM32_USB_Device_Library/Class/HID/Src/usbd_hid.o
 .text.USBD_HID_DeInit
                0x0000000008005036       0x42 Middlewares/ST/STM32_USB_Device_Library/Class/HID/Src/usbd_hid.o
 .text.USBD_HID_Setup
                0x0000000008005078      0x1fc Middlewares/ST/STM32_USB_Device_Library/Class/HID/Src/usbd_hid.o
 .text.USBD_HID_SendReport
                0x0000000008005274       0x44 Middlewares/ST/STM32_USB_Device_Library/Class/HID/Src/usbd_hid.o
                0x0000000008005274                USBD_HID_SendReport
 .text.USBD_HID_GetFSCfgDesc
                0x00000000080052b8       0x20 Middlewares/ST/STM32_USB_Device_Library/Class/HID/Src/usbd_hid.o
 .text.USBD_HID_GetHSCfgDesc
                0x00000000080052d8       0x20 Middlewares/ST/STM32_USB_Device_Library/Class/HID/Src/usbd_hid.o
 .text.USBD_HID_GetOtherSpeedCfgDesc
                0x00000000080052f8       0x20 Middlewares/ST/STM32_USB_Device_Library/Class/HID/Src/usbd_hid.o
 .text.USBD_HID_DataIn
                0x0000000008005318       0x22 Middlewares/ST/STM32_USB_Device_Library/Class/HID/Src/usbd_hid.o
 *fill*         0x000000000800533a        0x2 
 .text.USBD_HID_GetDeviceQualifierDesc
                0x000000000800533c       0x20 Middlewares/ST/STM32_USB_Device_Library/Class/HID/Src/usbd_hid.o
 .text.USBD_Init
                0x000000000800535c       0x56 Middlewares/ST/STM32_USB_Device_Library/Core/Src/usbd_core.o
                0x000000000800535c                USBD_Init
 .text.USBD_RegisterClass
                0x00000000080053b2       0x32 Middlewares/ST/STM32_USB_Device_Library/Core/Src/usbd_core.o
                0x00000000080053b2                USBD_RegisterClass
 .text.USBD_Start
                0x00000000080053e4       0x18 Middlewares/ST/STM32_USB_Device_Library/Core/Src/usbd_core.o
                0x00000000080053e4                USBD_Start
 .text.USBD_RunTestMode
                0x00000000080053fc       0x14 Middlewares/ST/STM32_USB_Device_Library/Core/Src/usbd_core.o
                0x00000000080053fc                USBD_RunTestMode
 .text.USBD_SetClassConfig
                0x0000000008005410       0x3e Middlewares/ST/STM32_USB_Device_Library/Core/Src/usbd_core.o
                0x0000000008005410                USBD_SetClassConfig
 .text.USBD_ClrClassConfig
                0x000000000800544e       0x26 Middlewares/ST/STM32_USB_Device_Library/Core/Src/usbd_core.o
                0x000000000800544e                USBD_ClrClassConfig
 .text.USBD_LL_SetupStage
                0x0000000008005474       0x96 Middlewares/ST/STM32_USB_Device_Library/Core/Src/usbd_core.o
                0x0000000008005474                USBD_LL_SetupStage
 .text.USBD_LL_DataOutStage
                0x000000000800550a       0xe2 Middlewares/ST/STM32_USB_Device_Library/Core/Src/usbd_core.o
                0x000000000800550a                USBD_LL_DataOutStage
 .text.USBD_LL_DataInStage
                0x00000000080055ec      0x14a Middlewares/ST/STM32_USB_Device_Library/Core/Src/usbd_core.o
                0x00000000080055ec                USBD_LL_DataInStage
 .text.USBD_LL_Reset
                0x0000000008005736       0x82 Middlewares/ST/STM32_USB_Device_Library/Core/Src/usbd_core.o
                0x0000000008005736                USBD_LL_Reset
 .text.USBD_LL_SetSpeed
                0x00000000080057b8       0x1e Middlewares/ST/STM32_USB_Device_Library/Core/Src/usbd_core.o
                0x00000000080057b8                USBD_LL_SetSpeed
 .text.USBD_LL_Suspend
                0x00000000080057d6       0x28 Middlewares/ST/STM32_USB_Device_Library/Core/Src/usbd_core.o
                0x00000000080057d6                USBD_LL_Suspend
 .text.USBD_LL_Resume
                0x00000000080057fe       0x2a Middlewares/ST/STM32_USB_Device_Library/Core/Src/usbd_core.o
                0x00000000080057fe                USBD_LL_Resume
 .text.USBD_LL_SOF
                0x0000000008005828       0x34 Middlewares/ST/STM32_USB_Device_Library/Core/Src/usbd_core.o
                0x0000000008005828                USBD_LL_SOF
 .text.USBD_StdDevReq
                0x000000000800585c       0xd4 Middlewares/ST/STM32_USB_Device_Library/Core/Src/usbd_ctlreq.o
                0x000000000800585c                USBD_StdDevReq
 .text.USBD_StdItfReq
                0x0000000008005930       0x8c Middlewares/ST/STM32_USB_Device_Library/Core/Src/usbd_ctlreq.o
                0x0000000008005930                USBD_StdItfReq
 .text.USBD_StdEPReq
                0x00000000080059bc      0x2ba Middlewares/ST/STM32_USB_Device_Library/Core/Src/usbd_ctlreq.o
                0x00000000080059bc                USBD_StdEPReq
 *fill*         0x0000000008005c76        0x2 
 .text.USBD_GetDescriptor
                0x0000000008005c78      0x2d0 Middlewares/ST/STM32_USB_Device_Library/Core/Src/usbd_ctlreq.o
 .text.USBD_SetAddress
                0x0000000008005f48       0x84 Middlewares/ST/STM32_USB_Device_Library/Core/Src/usbd_ctlreq.o
 .text.USBD_SetConfig
                0x0000000008005fcc      0x11c Middlewares/ST/STM32_USB_Device_Library/Core/Src/usbd_ctlreq.o
 .text.USBD_GetConfig
                0x00000000080060e8       0x68 Middlewares/ST/STM32_USB_Device_Library/Core/Src/usbd_ctlreq.o
 .text.USBD_GetStatus
                0x0000000008006150       0x66 Middlewares/ST/STM32_USB_Device_Library/Core/Src/usbd_ctlreq.o
 .text.USBD_SetFeature
                0x00000000080061b6       0x28 Middlewares/ST/STM32_USB_Device_Library/Core/Src/usbd_ctlreq.o
 .text.USBD_ClrFeature
                0x00000000080061de       0x42 Middlewares/ST/STM32_USB_Device_Library/Core/Src/usbd_ctlreq.o
 .text.USBD_ParseSetupRequest
                0x0000000008006220       0x78 Middlewares/ST/STM32_USB_Device_Library/Core/Src/usbd_ctlreq.o
                0x0000000008006220                USBD_ParseSetupRequest
 .text.USBD_CtlError
                0x0000000008006298       0x22 Middlewares/ST/STM32_USB_Device_Library/Core/Src/usbd_ctlreq.o
                0x0000000008006298                USBD_CtlError
 .text.USBD_GetString
                0x00000000080062ba       0x84 Middlewares/ST/STM32_USB_Device_Library/Core/Src/usbd_ctlreq.o
                0x00000000080062ba                USBD_GetString
 .text.USBD_GetLen
                0x000000000800633e       0x2e Middlewares/ST/STM32_USB_Device_Library/Core/Src/usbd_ctlreq.o
 .text.USBD_CtlSendData
                0x000000000800636c       0x38 Middlewares/ST/STM32_USB_Device_Library/Core/Src/usbd_ioreq.o
                0x000000000800636c                USBD_CtlSendData
 .text.USBD_CtlContinueSendData
                0x00000000080063a4       0x24 Middlewares/ST/STM32_USB_Device_Library/Core/Src/usbd_ioreq.o
                0x00000000080063a4                USBD_CtlContinueSendData
 .text.USBD_CtlContinueRx
                0x00000000080063c8       0x24 Middlewares/ST/STM32_USB_Device_Library/Core/Src/usbd_ioreq.o
                0x00000000080063c8                USBD_CtlContinueRx
 .text.USBD_CtlSendStatus
                0x00000000080063ec       0x26 Middlewares/ST/STM32_USB_Device_Library/Core/Src/usbd_ioreq.o
                0x00000000080063ec                USBD_CtlSendStatus
 .text.USBD_CtlReceiveStatus
                0x0000000008006412       0x26 Middlewares/ST/STM32_USB_Device_Library/Core/Src/usbd_ioreq.o
                0x0000000008006412                USBD_CtlReceiveStatus
 .text.MX_USB_DEVICE_Init
                0x0000000008006438       0x4c USB_DEVICE/App/usb_device.o
                0x0000000008006438                MX_USB_DEVICE_Init
 .text.USBD_FS_DeviceDescriptor
                0x0000000008006484       0x24 USB_DEVICE/App/usbd_desc.o
                0x0000000008006484                USBD_FS_DeviceDescriptor
 .text.USBD_FS_LangIDStrDescriptor
                0x00000000080064a8       0x24 USB_DEVICE/App/usbd_desc.o
                0x00000000080064a8                USBD_FS_LangIDStrDescriptor
 .text.USBD_FS_ProductStrDescriptor
                0x00000000080064cc       0x3c USB_DEVICE/App/usbd_desc.o
                0x00000000080064cc                USBD_FS_ProductStrDescriptor
 .text.USBD_FS_ManufacturerStrDescriptor
                0x0000000008006508       0x28 USB_DEVICE/App/usbd_desc.o
                0x0000000008006508                USBD_FS_ManufacturerStrDescriptor
 .text.USBD_FS_SerialStrDescriptor
                0x0000000008006530       0x24 USB_DEVICE/App/usbd_desc.o
                0x0000000008006530                USBD_FS_SerialStrDescriptor
 .text.USBD_FS_ConfigStrDescriptor
                0x0000000008006554       0x3c USB_DEVICE/App/usbd_desc.o
                0x0000000008006554                USBD_FS_ConfigStrDescriptor
 .text.USBD_FS_InterfaceStrDescriptor
                0x0000000008006590       0x3c USB_DEVICE/App/usbd_desc.o
                0x0000000008006590                USBD_FS_InterfaceStrDescriptor
 .text.Get_SerialNum
                0x00000000080065cc       0x58 USB_DEVICE/App/usbd_desc.o
 .text.IntToUnicode
                0x0000000008006624       0x7a USB_DEVICE/App/usbd_desc.o
 *fill*         0x000000000800669e        0x2 
 .text.HAL_PCD_MspInit
                0x00000000080066a0       0x4c USB_DEVICE/Target/usbd_conf.o
                0x00000000080066a0                HAL_PCD_MspInit
 .text.HAL_PCD_SetupStageCallback
                0x00000000080066ec       0x24 USB_DEVICE/Target/usbd_conf.o
                0x00000000080066ec                HAL_PCD_SetupStageCallback
 .text.HAL_PCD_DataOutStageCallback
                0x0000000008006710       0x30 USB_DEVICE/Target/usbd_conf.o
                0x0000000008006710                HAL_PCD_DataOutStageCallback
 .text.HAL_PCD_DataInStageCallback
                0x0000000008006740       0x2e USB_DEVICE/Target/usbd_conf.o
                0x0000000008006740                HAL_PCD_DataInStageCallback
 .text.HAL_PCD_SOFCallback
                0x000000000800676e       0x1c USB_DEVICE/Target/usbd_conf.o
                0x000000000800676e                HAL_PCD_SOFCallback
 .text.HAL_PCD_ResetCallback
                0x000000000800678a       0x3c USB_DEVICE/Target/usbd_conf.o
                0x000000000800678a                HAL_PCD_ResetCallback
 *fill*         0x00000000080067c6        0x2 
 .text.HAL_PCD_SuspendCallback
                0x00000000080067c8       0x34 USB_DEVICE/Target/usbd_conf.o
                0x00000000080067c8                HAL_PCD_SuspendCallback
 .text.HAL_PCD_ResumeCallback
                0x00000000080067fc       0x1c USB_DEVICE/Target/usbd_conf.o
                0x00000000080067fc                HAL_PCD_ResumeCallback
 .text.USBD_LL_Init
                0x0000000008006818       0x90 USB_DEVICE/Target/usbd_conf.o
                0x0000000008006818                USBD_LL_Init
 .text.USBD_LL_Start
                0x00000000080068a8       0x36 USB_DEVICE/Target/usbd_conf.o
                0x00000000080068a8                USBD_LL_Start
 .text.USBD_LL_OpenEP
                0x00000000080068de       0x4c USB_DEVICE/Target/usbd_conf.o
                0x00000000080068de                USBD_LL_OpenEP
 .text.USBD_LL_CloseEP
                0x000000000800692a       0x3e USB_DEVICE/Target/usbd_conf.o
                0x000000000800692a                USBD_LL_CloseEP
 .text.USBD_LL_StallEP
                0x0000000008006968       0x3e USB_DEVICE/Target/usbd_conf.o
                0x0000000008006968                USBD_LL_StallEP
 .text.USBD_LL_ClearStallEP
                0x00000000080069a6       0x3e USB_DEVICE/Target/usbd_conf.o
                0x00000000080069a6                USBD_LL_ClearStallEP
 .text.USBD_LL_IsStallEP
                0x00000000080069e4       0x4a USB_DEVICE/Target/usbd_conf.o
                0x00000000080069e4                USBD_LL_IsStallEP
 .text.USBD_LL_SetUSBAddress
                0x0000000008006a2e       0x3e USB_DEVICE/Target/usbd_conf.o
                0x0000000008006a2e                USBD_LL_SetUSBAddress
 .text.USBD_LL_Transmit
                0x0000000008006a6c       0x46 USB_DEVICE/Target/usbd_conf.o
                0x0000000008006a6c                USBD_LL_Transmit
 .text.USBD_LL_PrepareReceive
                0x0000000008006ab2       0x46 USB_DEVICE/Target/usbd_conf.o
                0x0000000008006ab2                USBD_LL_PrepareReceive
 .text.USBD_static_malloc
                0x0000000008006af8       0x18 USB_DEVICE/Target/usbd_conf.o
                0x0000000008006af8                USBD_static_malloc
 .text.USBD_static_free
                0x0000000008006b10       0x12 USB_DEVICE/Target/usbd_conf.o
                0x0000000008006b10                USBD_static_free
 .text.HAL_PCDEx_SetConnectionState
                0x0000000008006b22       0x16 USB_DEVICE/Target/usbd_conf.o
                0x0000000008006b22                HAL_PCDEx_SetConnectionState
 .text.USBD_Get_USB_Status
                0x0000000008006b38       0x58 USB_DEVICE/Target/usbd_conf.o
 .text.__libc_init_array
                0x0000000008006b90       0x48 /opt/st/stm32cubeide_1.3.0/plugins/com.st.stm32cube.ide.mcu.externaltools.gnu-tools-for-stm32.7-2018-q2-update.linux64_1.0.0.201904181610/tools/bin/../lib/gcc/arm-none-eabi/7.3.1/../../../../arm-none-eabi/lib/thumb/v7-m/libc_nano.a(lib_a-init.o)
                0x0000000008006b90                __libc_init_array
 .text.memset   0x0000000008006bd8       0x10 /opt/st/stm32cubeide_1.3.0/plugins/com.st.stm32cube.ide.mcu.externaltools.gnu-tools-for-stm32.7-2018-q2-update.linux64_1.0.0.201904181610/tools/bin/../lib/gcc/arm-none-eabi/7.3.1/../../../../arm-none-eabi/lib/thumb/v7-m/libc_nano.a(lib_a-memset.o)
                0x0000000008006bd8                memset
 *(.glue_7)
 .glue_7        0x0000000008006be8        0x0 linker stubs
 *(.glue_7t)
 .glue_7t       0x0000000008006be8        0x0 linker stubs
 *(.eh_frame)
 .eh_frame      0x0000000008006be8        0x0 /opt/st/stm32cubeide_1.3.0/plugins/com.st.stm32cube.ide.mcu.externaltools.gnu-tools-for-stm32.7-2018-q2-update.linux64_1.0.0.201904181610/tools/bin/../lib/gcc/arm-none-eabi/7.3.1/thumb/v7-m/crtbegin.o
 *(.init)
 .init          0x0000000008006be8        0x4 /opt/st/stm32cubeide_1.3.0/plugins/com.st.stm32cube.ide.mcu.externaltools.gnu-tools-for-stm32.7-2018-q2-update.linux64_1.0.0.201904181610/tools/bin/../lib/gcc/arm-none-eabi/7.3.1/thumb/v7-m/crti.o
                0x0000000008006be8                _init
 .init          0x0000000008006bec        0x8 /opt/st/stm32cubeide_1.3.0/plugins/com.st.stm32cube.ide.mcu.externaltools.gnu-tools-for-stm32.7-2018-q2-update.linux64_1.0.0.201904181610/tools/bin/../lib/gcc/arm-none-eabi/7.3.1/thumb/v7-m/crtn.o
 *(.fini)
 .fini          0x0000000008006bf4        0x4 /opt/st/stm32cubeide_1.3.0/plugins/com.st.stm32cube.ide.mcu.externaltools.gnu-tools-for-stm32.7-2018-q2-update.linux64_1.0.0.201904181610/tools/bin/../lib/gcc/arm-none-eabi/7.3.1/thumb/v7-m/crti.o
                0x0000000008006bf4                _fini
 .fini          0x0000000008006bf8        0x8 /opt/st/stm32cubeide_1.3.0/plugins/com.st.stm32cube.ide.mcu.externaltools.gnu-tools-for-stm32.7-2018-q2-update.linux64_1.0.0.201904181610/tools/bin/../lib/gcc/arm-none-eabi/7.3.1/thumb/v7-m/crtn.o
                0x0000000008006c00                . = ALIGN (0x4)
                0x0000000008006c00                _etext = .

.vfp11_veneer   0x0000000008006c00        0x0
 .vfp11_veneer  0x0000000008006c00        0x0 linker stubs

.v4_bx          0x0000000008006c00        0x0
 .v4_bx         0x0000000008006c00        0x0 linker stubs

.iplt           0x0000000008006c00        0x0
 .iplt          0x0000000008006c00        0x0 /opt/st/stm32cubeide_1.3.0/plugins/com.st.stm32cube.ide.mcu.externaltools.gnu-tools-for-stm32.7-2018-q2-update.linux64_1.0.0.201904181610/tools/bin/../lib/gcc/arm-none-eabi/7.3.1/thumb/v7-m/crtbegin.o

.rodata         0x0000000008006c00     0x2148
                0x0000000008006c00                . = ALIGN (0x4)
 *(.rodata)
 .rodata        0x0000000008006c00       0x2b Core/Src/main.o
 *fill*         0x0000000008006c2b        0x1 
 .rodata        0x0000000008006c2c       0x12 Drivers/STM32F1xx_HAL_Driver/Src/stm32f1xx_hal_rcc.o
 *fill*         0x0000000008006c3e        0x2 
 .rodata        0x0000000008006c40       0x46 USB_DEVICE/App/usbd_desc.o
 *(.rodata*)
 *fill*         0x0000000008006c86        0x2 
 .rodata.Font11x18
                0x0000000008006c88      0xd5c Core/Src/ssd1306_fonts.o
 .rodata.Font16x26
                0x00000000080079e4     0x134c Core/Src/ssd1306_fonts.o
 .rodata.AHBPrescTable
                0x0000000008008d30       0x10 Core/Src/system_stm32f1xx.o
                0x0000000008008d30                AHBPrescTable
 .rodata.APBPrescTable
                0x0000000008008d40        0x8 Core/Src/system_stm32f1xx.o
                0x0000000008008d40                APBPrescTable
                0x0000000008008d48                . = ALIGN (0x4)

.rel.dyn        0x0000000008008d48        0x0
 .rel.iplt      0x0000000008008d48        0x0 /opt/st/stm32cubeide_1.3.0/plugins/com.st.stm32cube.ide.mcu.externaltools.gnu-tools-for-stm32.7-2018-q2-update.linux64_1.0.0.201904181610/tools/bin/../lib/gcc/arm-none-eabi/7.3.1/thumb/v7-m/crtbegin.o

.ARM.extab      0x0000000008008d48        0x0
                0x0000000008008d48                . = ALIGN (0x4)
 *(.ARM.extab* .gnu.linkonce.armextab.*)
                0x0000000008008d48                . = ALIGN (0x4)

.ARM            0x0000000008008d48        0x0
                0x0000000008008d48                . = ALIGN (0x4)
                0x0000000008008d48                __exidx_start = .
 *(.ARM.exidx*)
                0x0000000008008d48                __exidx_end = .
                0x0000000008008d48                . = ALIGN (0x4)

.preinit_array  0x0000000008008d48        0x0
                0x0000000008008d48                . = ALIGN (0x4)
                0x0000000008008d48                PROVIDE (__preinit_array_start = .)
 *(.preinit_array*)
                0x0000000008008d48                PROVIDE (__preinit_array_end = .)
                0x0000000008008d48                . = ALIGN (0x4)

.init_array     0x0000000008008d48        0x4
                0x0000000008008d48                . = ALIGN (0x4)
                0x0000000008008d48                PROVIDE (__init_array_start = .)
 *(SORT_BY_NAME(.init_array.*))
 *(.init_array*)
 .init_array    0x0000000008008d48        0x4 /opt/st/stm32cubeide_1.3.0/plugins/com.st.stm32cube.ide.mcu.externaltools.gnu-tools-for-stm32.7-2018-q2-update.linux64_1.0.0.201904181610/tools/bin/../lib/gcc/arm-none-eabi/7.3.1/thumb/v7-m/crtbegin.o
                0x0000000008008d4c                PROVIDE (__init_array_end = .)
                0x0000000008008d4c                . = ALIGN (0x4)

.fini_array     0x0000000008008d4c        0x4
                0x0000000008008d4c                . = ALIGN (0x4)
                [!provide]                        PROVIDE (__fini_array_start = .)
 *(SORT_BY_NAME(.fini_array.*))
 *(.fini_array*)
 .fini_array    0x0000000008008d4c        0x4 /opt/st/stm32cubeide_1.3.0/plugins/com.st.stm32cube.ide.mcu.externaltools.gnu-tools-for-stm32.7-2018-q2-update.linux64_1.0.0.201904181610/tools/bin/../lib/gcc/arm-none-eabi/7.3.1/thumb/v7-m/crtbegin.o
                [!provide]                        PROVIDE (__fini_array_end = .)
                0x0000000008008d50                . = ALIGN (0x4)
                0x0000000008008d50                _sidata = LOADADDR (.data)

.data           0x0000000020000000      0x190 load address 0x0000000008008d50
                0x0000000020000000                . = ALIGN (0x4)
                0x0000000020000000                _sdata = .
 *(.data)
 *(.data*)
 .data.KEYPAD_INT_Buttons
                0x0000000020000000       0x24 Core/Src/keyPad.o
                0x0000000020000000                KEYPAD_INT_Buttons
 .data.KeypadStatus
                0x0000000020000024        0x1 Core/Src/keyPad.o
 *fill*         0x0000000020000025        0x3 
 .data.Font_11x18
                0x0000000020000028        0x8 Core/Src/ssd1306_fonts.o
                0x0000000020000028                Font_11x18
 .data.Font_16x26
                0x0000000020000030        0x8 Core/Src/ssd1306_fonts.o
                0x0000000020000030                Font_16x26
 .data.SystemCoreClock
                0x0000000020000038        0x4 Core/Src/system_stm32f1xx.o
                0x0000000020000038                SystemCoreClock
 .data.uwTickPrio
                0x000000002000003c        0x4 Drivers/STM32F1xx_HAL_Driver/Src/stm32f1xx_hal.o
                0x000000002000003c                uwTickPrio
 .data.uwTickFreq
                0x0000000020000040        0x1 Drivers/STM32F1xx_HAL_Driver/Src/stm32f1xx_hal.o
                0x0000000020000040                uwTickFreq
 *fill*         0x0000000020000041        0x3 
 .data.USBD_HID
                0x0000000020000044       0x38 Middlewares/ST/STM32_USB_Device_Library/Class/HID/Src/usbd_hid.o
                0x0000000020000044                USBD_HID
 .data.USBD_HID_CfgFSDesc
                0x000000002000007c       0x22 Middlewares/ST/STM32_USB_Device_Library/Class/HID/Src/usbd_hid.o
 *fill*         0x000000002000009e        0x2 
 .data.USBD_HID_CfgHSDesc
                0x00000000200000a0       0x22 Middlewares/ST/STM32_USB_Device_Library/Class/HID/Src/usbd_hid.o
 *fill*         0x00000000200000c2        0x2 
 .data.USBD_HID_OtherSpeedCfgDesc
                0x00000000200000c4       0x22 Middlewares/ST/STM32_USB_Device_Library/Class/HID/Src/usbd_hid.o
 *fill*         0x00000000200000e6        0x2 
 .data.USBD_HID_Desc
                0x00000000200000e8        0x9 Middlewares/ST/STM32_USB_Device_Library/Class/HID/Src/usbd_hid.o
 *fill*         0x00000000200000f1        0x3 
 .data.USBD_HID_DeviceQualifierDesc
                0x00000000200000f4        0xa Middlewares/ST/STM32_USB_Device_Library/Class/HID/Src/usbd_hid.o
 *fill*         0x00000000200000fe        0x2 
 .data.HID_MOUSE_ReportDesc
                0x0000000020000100       0x3f Middlewares/ST/STM32_USB_Device_Library/Class/HID/Src/usbd_hid.o
 *fill*         0x000000002000013f        0x1 
 .data.FS_Desc  0x0000000020000140       0x1c USB_DEVICE/App/usbd_desc.o
                0x0000000020000140                FS_Desc
 .data.USBD_FS_DeviceDesc
                0x000000002000015c       0x12 USB_DEVICE/App/usbd_desc.o
                0x000000002000015c                USBD_FS_DeviceDesc
 *fill*         0x000000002000016e        0x2 
 .data.USBD_LangIDDesc
                0x0000000020000170        0x4 USB_DEVICE/App/usbd_desc.o
                0x0000000020000170                USBD_LangIDDesc
 .data.USBD_StringSerial
                0x0000000020000174       0x1a USB_DEVICE/App/usbd_desc.o
                0x0000000020000174                USBD_StringSerial
                0x0000000020000190                . = ALIGN (0x4)
 *fill*         0x000000002000018e        0x2 
                0x0000000020000190                _edata = .

.igot.plt       0x0000000020000190        0x0 load address 0x0000000008008ee0
 .igot.plt      0x0000000020000190        0x0 /opt/st/stm32cubeide_1.3.0/plugins/com.st.stm32cube.ide.mcu.externaltools.gnu-tools-for-stm32.7-2018-q2-update.linux64_1.0.0.201904181610/tools/bin/../lib/gcc/arm-none-eabi/7.3.1/thumb/v7-m/crtbegin.o
                0x0000000020000190                . = ALIGN (0x4)

.bss            0x0000000020000190      0xc04 load address 0x0000000008008ee0
                0x0000000020000190                _sbss = .
                0x0000000020000190                __bss_start__ = _sbss
 *(.bss)
 .bss           0x0000000020000190       0x1c /opt/st/stm32cubeide_1.3.0/plugins/com.st.stm32cube.ide.mcu.externaltools.gnu-tools-for-stm32.7-2018-q2-update.linux64_1.0.0.201904181610/tools/bin/../lib/gcc/arm-none-eabi/7.3.1/thumb/v7-m/crtbegin.o
 *(.bss*)
 .bss.millis.6421
                0x00000000200001ac        0x2 Core/Src/keyPad.o
 *fill*         0x00000000200001ae        0x2 
 .bss.SSD1306_Buffer
                0x00000000200001b0      0x400 Core/Src/ssd1306.o
 .bss.SSD1306   0x00000000200005b0        0x6 Core/Src/ssd1306.o
 .bss.cfgidx.8363
                0x00000000200005b6        0x1 Middlewares/ST/STM32_USB_Device_Library/Core/Src/usbd_ctlreq.o
 *fill*         0x00000000200005b7        0x1 
 .bss.mem.8400  0x00000000200005b8       0x14 USB_DEVICE/Target/usbd_conf.o
 *(COMMON)
 COMMON         0x00000000200005cc       0x94 Core/Src/main.o
                0x00000000200005cc                hi2c1
                0x0000000020000620                htim1
 COMMON         0x0000000020000660        0x4 Drivers/STM32F1xx_HAL_Driver/Src/stm32f1xx_hal.o
                0x0000000020000660                uwTick
 COMMON         0x0000000020000664      0x2c4 USB_DEVICE/App/usb_device.o
                0x0000000020000664                hUsbDeviceFS
 COMMON         0x0000000020000928      0x200 USB_DEVICE/App/usbd_desc.o
                0x0000000020000928                USBD_StrDesc
 COMMON         0x0000000020000b28      0x26c USB_DEVICE/Target/usbd_conf.o
                0x0000000020000b28                hpcd_USB_FS
                0x0000000020000d94                . = ALIGN (0x4)
                0x0000000020000d94                _ebss = .
                0x0000000020000d94                __bss_end__ = _ebss

._user_heap_stack
                0x0000000020000d94      0x604 load address 0x0000000008008ee0
                0x0000000020000d98                . = ALIGN (0x8)
 *fill*         0x0000000020000d94        0x4 
                0x0000000020000d98                PROVIDE (end = .)
                [!provide]                        PROVIDE (_end = .)
                0x0000000020000f98                . = (. + _Min_Heap_Size)
 *fill*         0x0000000020000d98      0x200 
                0x0000000020001398                . = (. + _Min_Stack_Size)
 *fill*         0x0000000020000f98      0x400 
                0x0000000020001398                . = ALIGN (0x8)

/DISCARD/
 libc.a(*)
 libm.a(*)
 libgcc.a(*)

.ARM.attributes
                0x0000000000000000       0x29
 *(.ARM.attributes)
 .ARM.attributes
                0x0000000000000000       0x1d /opt/st/stm32cubeide_1.3.0/plugins/com.st.stm32cube.ide.mcu.externaltools.gnu-tools-for-stm32.7-2018-q2-update.linux64_1.0.0.201904181610/tools/bin/../lib/gcc/arm-none-eabi/7.3.1/thumb/v7-m/crti.o
 .ARM.attributes
                0x000000000000001d       0x2d /opt/st/stm32cubeide_1.3.0/plugins/com.st.stm32cube.ide.mcu.externaltools.gnu-tools-for-stm32.7-2018-q2-update.linux64_1.0.0.201904181610/tools/bin/../lib/gcc/arm-none-eabi/7.3.1/thumb/v7-m/crtbegin.o
 .ARM.attributes
                0x000000000000004a       0x33 Core/Src/keyPad.o
 .ARM.attributes
                0x000000000000007d       0x33 Core/Src/main.o
 .ARM.attributes
                0x00000000000000b0       0x33 Core/Src/ssd1306.o
 .ARM.attributes
                0x00000000000000e3       0x33 Core/Src/ssd1306_fonts.o
 .ARM.attributes
                0x0000000000000116       0x33 Core/Src/stm32f1xx_hal_msp.o
 .ARM.attributes
                0x0000000000000149       0x33 Core/Src/stm32f1xx_it.o
 .ARM.attributes
                0x000000000000017c       0x33 Core/Src/system_stm32f1xx.o
 .ARM.attributes
                0x00000000000001af       0x21 Core/Startup/startup_stm32f103c8tx.o
 .ARM.attributes
                0x00000000000001d0       0x33 Drivers/STM32F1xx_HAL_Driver/Src/stm32f1xx_hal.o
 .ARM.attributes
                0x0000000000000203       0x33 Drivers/STM32F1xx_HAL_Driver/Src/stm32f1xx_hal_cortex.o
 .ARM.attributes
                0x0000000000000236       0x33 Drivers/STM32F1xx_HAL_Driver/Src/stm32f1xx_hal_gpio.o
 .ARM.attributes
                0x0000000000000269       0x33 Drivers/STM32F1xx_HAL_Driver/Src/stm32f1xx_hal_i2c.o
 .ARM.attributes
                0x000000000000029c       0x33 Drivers/STM32F1xx_HAL_Driver/Src/stm32f1xx_hal_pcd.o
 .ARM.attributes
                0x00000000000002cf       0x33 Drivers/STM32F1xx_HAL_Driver/Src/stm32f1xx_hal_pcd_ex.o
 .ARM.attributes
                0x0000000000000302       0x33 Drivers/STM32F1xx_HAL_Driver/Src/stm32f1xx_hal_rcc.o
 .ARM.attributes
                0x0000000000000335       0x33 Drivers/STM32F1xx_HAL_Driver/Src/stm32f1xx_hal_rcc_ex.o
 .ARM.attributes
                0x0000000000000368       0x33 Drivers/STM32F1xx_HAL_Driver/Src/stm32f1xx_hal_tim.o
 .ARM.attributes
                0x000000000000039b       0x33 Drivers/STM32F1xx_HAL_Driver/Src/stm32f1xx_hal_tim_ex.o
 .ARM.attributes
                0x00000000000003ce       0x33 Drivers/STM32F1xx_HAL_Driver/Src/stm32f1xx_ll_usb.o
 .ARM.attributes
                0x0000000000000401       0x33 Middlewares/ST/STM32_USB_Device_Library/Class/HID/Src/usbd_hid.o
 .ARM.attributes
                0x0000000000000434       0x33 Middlewares/ST/STM32_USB_Device_Library/Core/Src/usbd_core.o
 .ARM.attributes
                0x0000000000000467       0x33 Middlewares/ST/STM32_USB_Device_Library/Core/Src/usbd_ctlreq.o
 .ARM.attributes
                0x000000000000049a       0x33 Middlewares/ST/STM32_USB_Device_Library/Core/Src/usbd_ioreq.o
 .ARM.attributes
                0x00000000000004cd       0x33 USB_DEVICE/App/usb_device.o
 .ARM.attributes
                0x0000000000000500       0x33 USB_DEVICE/App/usbd_desc.o
 .ARM.attributes
                0x0000000000000533       0x33 USB_DEVICE/Target/usbd_conf.o
 .ARM.attributes
                0x0000000000000566       0x2d /opt/st/stm32cubeide_1.3.0/plugins/com.st.stm32cube.ide.mcu.externaltools.gnu-tools-for-stm32.7-2018-q2-update.linux64_1.0.0.201904181610/tools/bin/../lib/gcc/arm-none-eabi/7.3.1/../../../../arm-none-eabi/lib/thumb/v7-m/libc_nano.a(lib_a-init.o)
 .ARM.attributes
                0x0000000000000593       0x2d /opt/st/stm32cubeide_1.3.0/plugins/com.st.stm32cube.ide.mcu.externaltools.gnu-tools-for-stm32.7-2018-q2-update.linux64_1.0.0.201904181610/tools/bin/../lib/gcc/arm-none-eabi/7.3.1/../../../../arm-none-eabi/lib/thumb/v7-m/libc_nano.a(lib_a-memset.o)
 .ARM.attributes
                0x00000000000005c0       0x1d /opt/st/stm32cubeide_1.3.0/plugins/com.st.stm32cube.ide.mcu.externaltools.gnu-tools-for-stm32.7-2018-q2-update.linux64_1.0.0.201904181610/tools/bin/../lib/gcc/arm-none-eabi/7.3.1/thumb/v7-m/crtn.o
OUTPUT(Keyboard.elf elf32-littlearm)

.debug_info     0x0000000000000000    0x16994
 .debug_info    0x0000000000000000      0x368 Core/Src/keyPad.o
 .debug_info    0x0000000000000368     0x1a49 Core/Src/main.o
 .debug_info    0x0000000000001db1      0x91d Core/Src/ssd1306.o
 .debug_info    0x00000000000026ce      0x1dd Core/Src/ssd1306_fonts.o
 .debug_info    0x00000000000028ab      0xcd8 Core/Src/stm32f1xx_hal_msp.o
 .debug_info    0x0000000000003583      0xaf3 Core/Src/stm32f1xx_it.o
 .debug_info    0x0000000000004076      0x433 Core/Src/system_stm32f1xx.o
 .debug_info    0x00000000000044a9       0x22 Core/Startup/startup_stm32f103c8tx.o
 .debug_info    0x00000000000044cb      0x6fe Drivers/STM32F1xx_HAL_Driver/Src/stm32f1xx_hal.o
 .debug_info    0x0000000000004bc9      0xb46 Drivers/STM32F1xx_HAL_Driver/Src/stm32f1xx_hal_cortex.o
 .debug_info    0x000000000000570f      0x681 Drivers/STM32F1xx_HAL_Driver/Src/stm32f1xx_hal_gpio.o
 .debug_info    0x0000000000005d90     0x2457 Drivers/STM32F1xx_HAL_Driver/Src/stm32f1xx_hal_i2c.o
 .debug_info    0x00000000000081e7      0xe38 Drivers/STM32F1xx_HAL_Driver/Src/stm32f1xx_hal_pcd.o
 .debug_info    0x000000000000901f      0x760 Drivers/STM32F1xx_HAL_Driver/Src/stm32f1xx_hal_pcd_ex.o
 .debug_info    0x000000000000977f      0x804 Drivers/STM32F1xx_HAL_Driver/Src/stm32f1xx_hal_rcc.o
 .debug_info    0x0000000000009f83      0x439 Drivers/STM32F1xx_HAL_Driver/Src/stm32f1xx_hal_rcc_ex.o
 .debug_info    0x000000000000a3bc     0x2456 Drivers/STM32F1xx_HAL_Driver/Src/stm32f1xx_hal_tim.o
 .debug_info    0x000000000000c812     0x1104 Drivers/STM32F1xx_HAL_Driver/Src/stm32f1xx_hal_tim_ex.o
 .debug_info    0x000000000000d916     0x14f9 Drivers/STM32F1xx_HAL_Driver/Src/stm32f1xx_ll_usb.o
 .debug_info    0x000000000000ee0f     0x112a Middlewares/ST/STM32_USB_Device_Library/Class/HID/Src/usbd_hid.o
 .debug_info    0x000000000000ff39     0x11c2 Middlewares/ST/STM32_USB_Device_Library/Core/Src/usbd_core.o
 .debug_info    0x00000000000110fb     0x1132 Middlewares/ST/STM32_USB_Device_Library/Core/Src/usbd_ctlreq.o
 .debug_info    0x000000000001222d      0xf23 Middlewares/ST/STM32_USB_Device_Library/Core/Src/usbd_ioreq.o
 .debug_info    0x0000000000013150      0xdb8 USB_DEVICE/App/usb_device.o
 .debug_info    0x0000000000013f08      0xd07 USB_DEVICE/App/usbd_desc.o
 .debug_info    0x0000000000014c0f     0x1d85 USB_DEVICE/Target/usbd_conf.o

.debug_abbrev   0x0000000000000000     0x321d
 .debug_abbrev  0x0000000000000000      0x170 Core/Src/keyPad.o
 .debug_abbrev  0x0000000000000170      0x2a6 Core/Src/main.o
 .debug_abbrev  0x0000000000000416      0x1de Core/Src/ssd1306.o
 .debug_abbrev  0x00000000000005f4       0xb0 Core/Src/ssd1306_fonts.o
 .debug_abbrev  0x00000000000006a4      0x1a6 Core/Src/stm32f1xx_hal_msp.o
 .debug_abbrev  0x000000000000084a      0x185 Core/Src/stm32f1xx_it.o
 .debug_abbrev  0x00000000000009cf      0x134 Core/Src/system_stm32f1xx.o
 .debug_abbrev  0x0000000000000b03       0x12 Core/Startup/startup_stm32f103c8tx.o
 .debug_abbrev  0x0000000000000b15      0x1d8 Drivers/STM32F1xx_HAL_Driver/Src/stm32f1xx_hal.o
 .debug_abbrev  0x0000000000000ced      0x2d5 Drivers/STM32F1xx_HAL_Driver/Src/stm32f1xx_hal_cortex.o
 .debug_abbrev  0x0000000000000fc2      0x1c0 Drivers/STM32F1xx_HAL_Driver/Src/stm32f1xx_hal_gpio.o
 .debug_abbrev  0x0000000000001182      0x258 Drivers/STM32F1xx_HAL_Driver/Src/stm32f1xx_hal_i2c.o
 .debug_abbrev  0x00000000000013da      0x263 Drivers/STM32F1xx_HAL_Driver/Src/stm32f1xx_hal_pcd.o
 .debug_abbrev  0x000000000000163d      0x188 Drivers/STM32F1xx_HAL_Driver/Src/stm32f1xx_hal_pcd_ex.o
 .debug_abbrev  0x00000000000017c5      0x243 Drivers/STM32F1xx_HAL_Driver/Src/stm32f1xx_hal_rcc.o
 .debug_abbrev  0x0000000000001a08      0x175 Drivers/STM32F1xx_HAL_Driver/Src/stm32f1xx_hal_rcc_ex.o
 .debug_abbrev  0x0000000000001b7d      0x230 Drivers/STM32F1xx_HAL_Driver/Src/stm32f1xx_hal_tim.o
 .debug_abbrev  0x0000000000001dad      0x21e Drivers/STM32F1xx_HAL_Driver/Src/stm32f1xx_hal_tim_ex.o
 .debug_abbrev  0x0000000000001fcb      0x1c5 Drivers/STM32F1xx_HAL_Driver/Src/stm32f1xx_ll_usb.o
 .debug_abbrev  0x0000000000002190      0x27d Middlewares/ST/STM32_USB_Device_Library/Class/HID/Src/usbd_hid.o
 .debug_abbrev  0x000000000000240d      0x270 Middlewares/ST/STM32_USB_Device_Library/Core/Src/usbd_core.o
 .debug_abbrev  0x000000000000267d      0x2a0 Middlewares/ST/STM32_USB_Device_Library/Core/Src/usbd_ctlreq.o
 .debug_abbrev  0x000000000000291d      0x1e0 Middlewares/ST/STM32_USB_Device_Library/Core/Src/usbd_ioreq.o
 .debug_abbrev  0x0000000000002afd      0x1b5 USB_DEVICE/App/usb_device.o
 .debug_abbrev  0x0000000000002cb2      0x290 USB_DEVICE/App/usbd_desc.o
 .debug_abbrev  0x0000000000002f42      0x2db USB_DEVICE/Target/usbd_conf.o

.debug_aranges  0x0000000000000000     0x1288
 .debug_aranges
                0x0000000000000000       0x48 Core/Src/keyPad.o
 .debug_aranges
                0x0000000000000048       0x50 Core/Src/main.o
 .debug_aranges
                0x0000000000000098       0x68 Core/Src/ssd1306.o
 .debug_aranges
                0x0000000000000100       0x18 Core/Src/ssd1306_fonts.o
 .debug_aranges
                0x0000000000000118       0x40 Core/Src/stm32f1xx_hal_msp.o
 .debug_aranges
                0x0000000000000158       0x70 Core/Src/stm32f1xx_it.o
 .debug_aranges
                0x00000000000001c8       0x28 Core/Src/system_stm32f1xx.o
 .debug_aranges
                0x00000000000001f0       0x28 Core/Startup/startup_stm32f103c8tx.o
 .debug_aranges
                0x0000000000000218       0xe0 Drivers/STM32F1xx_HAL_Driver/Src/stm32f1xx_hal.o
 .debug_aranges
                0x00000000000002f8      0x100 Drivers/STM32F1xx_HAL_Driver/Src/stm32f1xx_hal_cortex.o
 .debug_aranges
                0x00000000000003f8       0x58 Drivers/STM32F1xx_HAL_Driver/Src/stm32f1xx_hal_gpio.o
 .debug_aranges
                0x0000000000000450      0x290 Drivers/STM32F1xx_HAL_Driver/Src/stm32f1xx_hal_i2c.o
 .debug_aranges
                0x00000000000006e0      0x120 Drivers/STM32F1xx_HAL_Driver/Src/stm32f1xx_hal_pcd.o
 .debug_aranges
                0x0000000000000800       0x38 Drivers/STM32F1xx_HAL_Driver/Src/stm32f1xx_hal_pcd_ex.o
 .debug_aranges
                0x0000000000000838       0x90 Drivers/STM32F1xx_HAL_Driver/Src/stm32f1xx_hal_rcc.o
 .debug_aranges
                0x00000000000008c8       0x30 Drivers/STM32F1xx_HAL_Driver/Src/stm32f1xx_hal_rcc_ex.o
 .debug_aranges
                0x00000000000008f8      0x3a8 Drivers/STM32F1xx_HAL_Driver/Src/stm32f1xx_hal_tim.o
 .debug_aranges
                0x0000000000000ca0      0x150 Drivers/STM32F1xx_HAL_Driver/Src/stm32f1xx_hal_tim_ex.o
 .debug_aranges
                0x0000000000000df0      0x108 Drivers/STM32F1xx_HAL_Driver/Src/stm32f1xx_ll_usb.o
 .debug_aranges
                0x0000000000000ef8       0x68 Middlewares/ST/STM32_USB_Device_Library/Class/HID/Src/usbd_hid.o
 .debug_aranges
                0x0000000000000f60       0xb8 Middlewares/ST/STM32_USB_Device_Library/Core/Src/usbd_core.o
 .debug_aranges
                0x0000000000001018       0x88 Middlewares/ST/STM32_USB_Device_Library/Core/Src/usbd_ctlreq.o
 .debug_aranges
                0x00000000000010a0       0x50 Middlewares/ST/STM32_USB_Device_Library/Core/Src/usbd_ioreq.o
 .debug_aranges
                0x00000000000010f0       0x20 USB_DEVICE/App/usb_device.o
 .debug_aranges
                0x0000000000001110       0x60 USB_DEVICE/App/usbd_desc.o
 .debug_aranges
                0x0000000000001170      0x118 USB_DEVICE/Target/usbd_conf.o

.debug_ranges   0x0000000000000000     0x1108
 .debug_ranges  0x0000000000000000       0x38 Core/Src/keyPad.o
 .debug_ranges  0x0000000000000038       0x40 Core/Src/main.o
 .debug_ranges  0x0000000000000078       0x58 Core/Src/ssd1306.o
 .debug_ranges  0x00000000000000d0       0x30 Core/Src/stm32f1xx_hal_msp.o
 .debug_ranges  0x0000000000000100       0x60 Core/Src/stm32f1xx_it.o
 .debug_ranges  0x0000000000000160       0x18 Core/Src/system_stm32f1xx.o
 .debug_ranges  0x0000000000000178       0x20 Core/Startup/startup_stm32f103c8tx.o
 .debug_ranges  0x0000000000000198       0xd0 Drivers/STM32F1xx_HAL_Driver/Src/stm32f1xx_hal.o
 .debug_ranges  0x0000000000000268       0xf0 Drivers/STM32F1xx_HAL_Driver/Src/stm32f1xx_hal_cortex.o
 .debug_ranges  0x0000000000000358       0x48 Drivers/STM32F1xx_HAL_Driver/Src/stm32f1xx_hal_gpio.o
 .debug_ranges  0x00000000000003a0      0x2a0 Drivers/STM32F1xx_HAL_Driver/Src/stm32f1xx_hal_i2c.o
 .debug_ranges  0x0000000000000640      0x110 Drivers/STM32F1xx_HAL_Driver/Src/stm32f1xx_hal_pcd.o
 .debug_ranges  0x0000000000000750       0x28 Drivers/STM32F1xx_HAL_Driver/Src/stm32f1xx_hal_pcd_ex.o
 .debug_ranges  0x0000000000000778       0x80 Drivers/STM32F1xx_HAL_Driver/Src/stm32f1xx_hal_rcc.o
 .debug_ranges  0x00000000000007f8       0x20 Drivers/STM32F1xx_HAL_Driver/Src/stm32f1xx_hal_rcc_ex.o
 .debug_ranges  0x0000000000000818      0x398 Drivers/STM32F1xx_HAL_Driver/Src/stm32f1xx_hal_tim.o
 .debug_ranges  0x0000000000000bb0      0x140 Drivers/STM32F1xx_HAL_Driver/Src/stm32f1xx_hal_tim_ex.o
 .debug_ranges  0x0000000000000cf0       0xf8 Drivers/STM32F1xx_HAL_Driver/Src/stm32f1xx_ll_usb.o
 .debug_ranges  0x0000000000000de8       0x58 Middlewares/ST/STM32_USB_Device_Library/Class/HID/Src/usbd_hid.o
 .debug_ranges  0x0000000000000e40       0xa8 Middlewares/ST/STM32_USB_Device_Library/Core/Src/usbd_core.o
 .debug_ranges  0x0000000000000ee8       0x78 Middlewares/ST/STM32_USB_Device_Library/Core/Src/usbd_ctlreq.o
 .debug_ranges  0x0000000000000f60       0x40 Middlewares/ST/STM32_USB_Device_Library/Core/Src/usbd_ioreq.o
 .debug_ranges  0x0000000000000fa0       0x10 USB_DEVICE/App/usb_device.o
 .debug_ranges  0x0000000000000fb0       0x50 USB_DEVICE/App/usbd_desc.o
 .debug_ranges  0x0000000000001000      0x108 USB_DEVICE/Target/usbd_conf.o

.debug_macro    0x0000000000000000    0x1763a
 .debug_macro   0x0000000000000000      0x212 Core/Src/keyPad.o
 .debug_macro   0x0000000000000212      0xa5a Core/Src/keyPad.o
 .debug_macro   0x0000000000000c6c      0x221 Core/Src/keyPad.o
 .debug_macro   0x0000000000000e8d       0x2e Core/Src/keyPad.o
 .debug_macro   0x0000000000000ebb       0x22 Core/Src/keyPad.o
 .debug_macro   0x0000000000000edd       0x22 Core/Src/keyPad.o
 .debug_macro   0x0000000000000eff       0x8e Core/Src/keyPad.o
 .debug_macro   0x0000000000000f8d       0x51 Core/Src/keyPad.o
 .debug_macro   0x0000000000000fde       0xef Core/Src/keyPad.o
 .debug_macro   0x00000000000010cd       0x6a Core/Src/keyPad.o
 .debug_macro   0x0000000000001137      0x1df Core/Src/keyPad.o
 .debug_macro   0x0000000000001316       0x1c Core/Src/keyPad.o
 .debug_macro   0x0000000000001332       0x22 Core/Src/keyPad.o
 .debug_macro   0x0000000000001354       0xc3 Core/Src/keyPad.o
 .debug_macro   0x0000000000001417      0xd23 Core/Src/keyPad.o
 .debug_macro   0x000000000000213a     0xe09e Core/Src/keyPad.o
 .debug_macro   0x00000000000101d8       0x43 Core/Src/keyPad.o
 .debug_macro   0x000000000001021b      0x174 Core/Src/keyPad.o
 .debug_macro   0x000000000001038f       0x5a Core/Src/keyPad.o
 .debug_macro   0x00000000000103e9      0x5be Core/Src/keyPad.o
 .debug_macro   0x00000000000109a7      0x289 Core/Src/keyPad.o
 .debug_macro   0x0000000000010c30      0x1cb Core/Src/keyPad.o
 .debug_macro   0x0000000000010dfb      0x114 Core/Src/keyPad.o
 .debug_macro   0x0000000000010f0f      0x1b2 Core/Src/keyPad.o
 .debug_macro   0x00000000000110c1       0x27 Core/Src/keyPad.o
 .debug_macro   0x00000000000110e8      0x136 Core/Src/keyPad.o
 .debug_macro   0x000000000001121e      0x1bc Core/Src/keyPad.o
 .debug_macro   0x00000000000113da       0x34 Core/Src/keyPad.o
 .debug_macro   0x000000000001140e       0x3c Core/Src/keyPad.o
 .debug_macro   0x000000000001144a       0x57 Core/Src/keyPad.o
 .debug_macro   0x00000000000114a1       0x88 Core/Src/keyPad.o
 .debug_macro   0x0000000000011529      0x241 Core/Src/keyPad.o
 .debug_macro   0x000000000001176a      0x280 Core/Src/keyPad.o
 .debug_macro   0x00000000000119ea      0x141 Core/Src/keyPad.o
 .debug_macro   0x0000000000011b2b      0x88b Core/Src/keyPad.o
 .debug_macro   0x00000000000123b6       0x65 Core/Src/keyPad.o
 .debug_macro   0x000000000001241b      0x249 Core/Src/keyPad.o
 .debug_macro   0x0000000000012664       0x83 Core/Src/keyPad.o
 .debug_macro   0x00000000000126e7       0xe8 Core/Src/keyPad.o
 .debug_macro   0x00000000000127cf       0x10 Core/Src/keyPad.o
 .debug_macro   0x00000000000127df      0x41a Core/Src/main.o
 .debug_macro   0x0000000000012bf9       0x46 Core/Src/main.o
 .debug_macro   0x0000000000012c3f       0x18 Core/Src/main.o
 .debug_macro   0x0000000000012c57       0x3c Core/Src/main.o
 .debug_macro   0x0000000000012c93       0x34 Core/Src/main.o
 .debug_macro   0x0000000000012cc7       0x16 Core/Src/main.o
 .debug_macro   0x0000000000012cdd       0x35 Core/Src/main.o
 .debug_macro   0x0000000000012d12      0x32a Core/Src/main.o
 .debug_macro   0x000000000001303c       0x10 Core/Src/main.o
 .debug_macro   0x000000000001304c       0x52 Core/Src/main.o
 .debug_macro   0x000000000001309e       0x1f Core/Src/main.o
 .debug_macro   0x00000000000130bd       0x43 Core/Src/main.o
 .debug_macro   0x0000000000013100       0x20 Core/Src/main.o
 .debug_macro   0x0000000000013120      0x1a3 Core/Src/main.o
 .debug_macro   0x00000000000132c3       0x10 Core/Src/main.o
 .debug_macro   0x00000000000132d3       0x1c Core/Src/main.o
 .debug_macro   0x00000000000132ef       0x52 Core/Src/main.o
 .debug_macro   0x0000000000013341       0x40 Core/Src/main.o
 .debug_macro   0x0000000000013381       0x10 Core/Src/main.o
 .debug_macro   0x0000000000013391       0x40 Core/Src/main.o
 .debug_macro   0x00000000000133d1       0xd7 Core/Src/main.o
 .debug_macro   0x00000000000134a8       0x1c Core/Src/main.o
 .debug_macro   0x00000000000134c4       0x3d Core/Src/main.o
 .debug_macro   0x0000000000013501       0x16 Core/Src/main.o
 .debug_macro   0x0000000000013517      0x145 Core/Src/main.o
 .debug_macro   0x000000000001365c       0x16 Core/Src/main.o
 .debug_macro   0x0000000000013672       0x16 Core/Src/main.o
 .debug_macro   0x0000000000013688       0x29 Core/Src/main.o
 .debug_macro   0x00000000000136b1       0x16 Core/Src/main.o
 .debug_macro   0x00000000000136c7       0x20 Core/Src/main.o
 .debug_macro   0x00000000000136e7       0x60 Core/Src/main.o
 .debug_macro   0x0000000000013747      0x1c8 Core/Src/main.o
 .debug_macro   0x000000000001390f       0x28 Core/Src/main.o
 .debug_macro   0x0000000000013937       0x5e Core/Src/main.o
 .debug_macro   0x0000000000013995      0x205 Core/Src/ssd1306.o
 .debug_macro   0x0000000000013b9a       0x40 Core/Src/ssd1306.o
 .debug_macro   0x0000000000013bda       0x94 Core/Src/ssd1306.o
 .debug_macro   0x0000000000013c6e       0x57 Core/Src/ssd1306.o
 .debug_macro   0x0000000000013cc5       0x6d Core/Src/ssd1306_fonts.o
 .debug_macro   0x0000000000013d32      0x1cd Core/Src/stm32f1xx_hal_msp.o
 .debug_macro   0x0000000000013eff      0x1d7 Core/Src/stm32f1xx_it.o
 .debug_macro   0x00000000000140d6      0x1c4 Core/Src/system_stm32f1xx.o
 .debug_macro   0x000000000001429a      0x1e2 Drivers/STM32F1xx_HAL_Driver/Src/stm32f1xx_hal.o
 .debug_macro   0x000000000001447c      0x1be Drivers/STM32F1xx_HAL_Driver/Src/stm32f1xx_hal_cortex.o
 .debug_macro   0x000000000001463a      0x229 Drivers/STM32F1xx_HAL_Driver/Src/stm32f1xx_hal_gpio.o
 .debug_macro   0x0000000000014863      0x1fe Drivers/STM32F1xx_HAL_Driver/Src/stm32f1xx_hal_i2c.o
 .debug_macro   0x0000000000014a61      0x1ca Drivers/STM32F1xx_HAL_Driver/Src/stm32f1xx_hal_pcd.o
 .debug_macro   0x0000000000014c2b      0x1be Drivers/STM32F1xx_HAL_Driver/Src/stm32f1xx_hal_pcd_ex.o
 .debug_macro   0x0000000000014de9      0x1d0 Drivers/STM32F1xx_HAL_Driver/Src/stm32f1xx_hal_rcc.o
 .debug_macro   0x0000000000014fb9      0x1be Drivers/STM32F1xx_HAL_Driver/Src/stm32f1xx_hal_rcc_ex.o
 .debug_macro   0x0000000000015177      0x1bf Drivers/STM32F1xx_HAL_Driver/Src/stm32f1xx_hal_tim.o
 .debug_macro   0x0000000000015336      0x1be Drivers/STM32F1xx_HAL_Driver/Src/stm32f1xx_hal_tim_ex.o
 .debug_macro   0x00000000000154f4      0x1be Drivers/STM32F1xx_HAL_Driver/Src/stm32f1xx_ll_usb.o
 .debug_macro   0x00000000000156b2      0x3da Middlewares/ST/STM32_USB_Device_Library/Class/HID/Src/usbd_hid.o
 .debug_macro   0x0000000000015a8c       0x97 Middlewares/ST/STM32_USB_Device_Library/Class/HID/Src/usbd_hid.o
 .debug_macro   0x0000000000015b23       0xfd Middlewares/ST/STM32_USB_Device_Library/Class/HID/Src/usbd_hid.o
 .debug_macro   0x0000000000015c20      0x3c1 Middlewares/ST/STM32_USB_Device_Library/Core/Src/usbd_core.o
 .debug_macro   0x0000000000015fe1      0x1ce Middlewares/ST/STM32_USB_Device_Library/Core/Src/usbd_core.o
 .debug_macro   0x00000000000161af      0x3cb Middlewares/ST/STM32_USB_Device_Library/Core/Src/usbd_ctlreq.o
 .debug_macro   0x000000000001657a      0x3c7 Middlewares/ST/STM32_USB_Device_Library/Core/Src/usbd_ioreq.o
 .debug_macro   0x0000000000016941      0x3f1 USB_DEVICE/App/usb_device.o
 .debug_macro   0x0000000000016d32       0xee USB_DEVICE/App/usb_device.o
 .debug_macro   0x0000000000016e20       0x22 USB_DEVICE/App/usb_device.o
 .debug_macro   0x0000000000016e42      0x3fe USB_DEVICE/App/usbd_desc.o
 .debug_macro   0x0000000000017240       0x1c USB_DEVICE/App/usbd_desc.o
 .debug_macro   0x000000000001725c      0x3de USB_DEVICE/Target/usbd_conf.o

.debug_line     0x0000000000000000    0x1015f
 .debug_line    0x0000000000000000      0x6d5 Core/Src/keyPad.o
 .debug_line    0x00000000000006d5      0xac2 Core/Src/main.o
 .debug_line    0x0000000000001197      0x892 Core/Src/ssd1306.o
 .debug_line    0x0000000000001a29      0x376 Core/Src/ssd1306_fonts.o
 .debug_line    0x0000000000001d9f      0x6af Core/Src/stm32f1xx_hal_msp.o
 .debug_line    0x000000000000244e      0x720 Core/Src/stm32f1xx_it.o
 .debug_line    0x0000000000002b6e      0x689 Core/Src/system_stm32f1xx.o
 .debug_line    0x00000000000031f7       0x84 Core/Startup/startup_stm32f103c8tx.o
 .debug_line    0x000000000000327b      0x831 Drivers/STM32F1xx_HAL_Driver/Src/stm32f1xx_hal.o
 .debug_line    0x0000000000003aac      0x90a Drivers/STM32F1xx_HAL_Driver/Src/stm32f1xx_hal_cortex.o
 .debug_line    0x00000000000043b6      0x831 Drivers/STM32F1xx_HAL_Driver/Src/stm32f1xx_hal_gpio.o
 .debug_line    0x0000000000004be7     0x1af4 Drivers/STM32F1xx_HAL_Driver/Src/stm32f1xx_hal_i2c.o
 .debug_line    0x00000000000066db      0xb24 Drivers/STM32F1xx_HAL_Driver/Src/stm32f1xx_hal_pcd.o
 .debug_line    0x00000000000071ff      0x6a4 Drivers/STM32F1xx_HAL_Driver/Src/stm32f1xx_hal_pcd_ex.o
 .debug_line    0x00000000000078a3      0x8f3 Drivers/STM32F1xx_HAL_Driver/Src/stm32f1xx_hal_rcc.o
 .debug_line    0x0000000000008196      0x711 Drivers/STM32F1xx_HAL_Driver/Src/stm32f1xx_hal_rcc_ex.o
 .debug_line    0x00000000000088a7     0x16f7 Drivers/STM32F1xx_HAL_Driver/Src/stm32f1xx_hal_tim.o
 .debug_line    0x0000000000009f9e      0xc44 Drivers/STM32F1xx_HAL_Driver/Src/stm32f1xx_hal_tim_ex.o
 .debug_line    0x000000000000abe2      0xb3d Drivers/STM32F1xx_HAL_Driver/Src/stm32f1xx_ll_usb.o
 .debug_line    0x000000000000b71f      0xa6f Middlewares/ST/STM32_USB_Device_Library/Class/HID/Src/usbd_hid.o
 .debug_line    0x000000000000c18e      0xb41 Middlewares/ST/STM32_USB_Device_Library/Core/Src/usbd_core.o
 .debug_line    0x000000000000cccf      0xbca Middlewares/ST/STM32_USB_Device_Library/Core/Src/usbd_ctlreq.o
 .debug_line    0x000000000000d899      0x9aa Middlewares/ST/STM32_USB_Device_Library/Core/Src/usbd_ioreq.o
 .debug_line    0x000000000000e243      0x979 USB_DEVICE/App/usb_device.o
 .debug_line    0x000000000000ebbc      0x9de USB_DEVICE/App/usbd_desc.o
 .debug_line    0x000000000000f59a      0xbc5 USB_DEVICE/Target/usbd_conf.o

.debug_str      0x0000000000000000    0x7755d
 .debug_str     0x0000000000000000    0x6d510 Core/Src/keyPad.o
                                      0x6d7d1 (size before relaxing)
 .debug_str     0x000000000006d510     0x5a4a Core/Src/main.o
                                      0x7307c (size before relaxing)
 .debug_str     0x0000000000072f5a      0x134 Core/Src/ssd1306.o
                                      0x6d978 (size before relaxing)
 .debug_str     0x000000000007308e       0x41 Core/Src/ssd1306_fonts.o
                                       0x3c86 (size before relaxing)
 .debug_str     0x00000000000730cf      0x31b Core/Src/stm32f1xx_hal_msp.o
                                      0x6ddbb (size before relaxing)
 .debug_str     0x00000000000733ea      0x385 Core/Src/stm32f1xx_it.o
                                      0x6daf7 (size before relaxing)
 .debug_str     0x000000000007376f       0xc2 Core/Src/system_stm32f1xx.o
                                      0x6d115 (size before relaxing)
 .debug_str     0x0000000000073831       0x36 Core/Startup/startup_stm32f103c8tx.o
                                         0x76 (size before relaxing)
 .debug_str     0x0000000000073867      0x3bb Drivers/STM32F1xx_HAL_Driver/Src/stm32f1xx_hal.o
                                      0x6d726 (size before relaxing)
 .debug_str     0x0000000000073c22      0x2a0 Drivers/STM32F1xx_HAL_Driver/Src/stm32f1xx_hal_cortex.o
                                      0x6d734 (size before relaxing)
 .debug_str     0x0000000000073ec2      0x31f Drivers/STM32F1xx_HAL_Driver/Src/stm32f1xx_hal_gpio.o
                                      0x6d45f (size before relaxing)
 .debug_str     0x00000000000741e1      0xb50 Drivers/STM32F1xx_HAL_Driver/Src/stm32f1xx_hal_i2c.o
                                      0x6e08b (size before relaxing)
 .debug_str     0x0000000000074d31      0x3af Drivers/STM32F1xx_HAL_Driver/Src/stm32f1xx_hal_pcd.o
                                      0x6d746 (size before relaxing)
 .debug_str     0x00000000000750e0      0x18d Drivers/STM32F1xx_HAL_Driver/Src/stm32f1xx_hal_pcd_ex.o
                                      0x6d522 (size before relaxing)
 .debug_str     0x000000000007526d      0x258 Drivers/STM32F1xx_HAL_Driver/Src/stm32f1xx_hal_rcc.o
                                      0x6d498 (size before relaxing)
 .debug_str     0x00000000000754c5       0xb9 Drivers/STM32F1xx_HAL_Driver/Src/stm32f1xx_hal_rcc_ex.o
                                      0x6d225 (size before relaxing)
 .debug_str     0x000000000007557e      0xd51 Drivers/STM32F1xx_HAL_Driver/Src/stm32f1xx_hal_tim.o
                                      0x6e263 (size before relaxing)
 .debug_str     0x00000000000762cf      0x52f Drivers/STM32F1xx_HAL_Driver/Src/stm32f1xx_hal_tim_ex.o
                                      0x6da63 (size before relaxing)
 .debug_str     0x00000000000767fe      0x2fe Drivers/STM32F1xx_HAL_Driver/Src/stm32f1xx_ll_usb.o
                                      0x6d58c (size before relaxing)
 .debug_str     0x0000000000076afc      0x266 Middlewares/ST/STM32_USB_Device_Library/Class/HID/Src/usbd_hid.o
                                      0x726d3 (size before relaxing)
 .debug_str     0x0000000000076d62      0x1a2 Middlewares/ST/STM32_USB_Device_Library/Core/Src/usbd_core.o
                                      0x724dc (size before relaxing)
 .debug_str     0x0000000000076f04      0x12f Middlewares/ST/STM32_USB_Device_Library/Core/Src/usbd_ctlreq.o
                                      0x72462 (size before relaxing)
 .debug_str     0x0000000000077033       0xc9 Middlewares/ST/STM32_USB_Device_Library/Core/Src/usbd_ioreq.o
                                      0x723ea (size before relaxing)
 .debug_str     0x00000000000770fc       0xb5 USB_DEVICE/App/usb_device.o
                                      0x72556 (size before relaxing)
 .debug_str     0x00000000000771b1      0x258 USB_DEVICE/App/usbd_desc.o
                                      0x72355 (size before relaxing)
 .debug_str     0x0000000000077409      0x154 USB_DEVICE/Target/usbd_conf.o
                                      0x72e8b (size before relaxing)

.comment        0x0000000000000000       0x7b
 .comment       0x0000000000000000       0x7b Core/Src/keyPad.o
                                         0x7c (size before relaxing)
 .comment       0x000000000000007b       0x7c Core/Src/main.o
 .comment       0x000000000000007b       0x7c Core/Src/ssd1306.o
 .comment       0x000000000000007b       0x7c Core/Src/ssd1306_fonts.o
 .comment       0x000000000000007b       0x7c Core/Src/stm32f1xx_hal_msp.o
 .comment       0x000000000000007b       0x7c Core/Src/stm32f1xx_it.o
 .comment       0x000000000000007b       0x7c Core/Src/system_stm32f1xx.o
 .comment       0x000000000000007b       0x7c Drivers/STM32F1xx_HAL_Driver/Src/stm32f1xx_hal.o
 .comment       0x000000000000007b       0x7c Drivers/STM32F1xx_HAL_Driver/Src/stm32f1xx_hal_cortex.o
 .comment       0x000000000000007b       0x7c Drivers/STM32F1xx_HAL_Driver/Src/stm32f1xx_hal_gpio.o
 .comment       0x000000000000007b       0x7c Drivers/STM32F1xx_HAL_Driver/Src/stm32f1xx_hal_i2c.o
 .comment       0x000000000000007b       0x7c Drivers/STM32F1xx_HAL_Driver/Src/stm32f1xx_hal_pcd.o
 .comment       0x000000000000007b       0x7c Drivers/STM32F1xx_HAL_Driver/Src/stm32f1xx_hal_pcd_ex.o
 .comment       0x000000000000007b       0x7c Drivers/STM32F1xx_HAL_Driver/Src/stm32f1xx_hal_rcc.o
 .comment       0x000000000000007b       0x7c Drivers/STM32F1xx_HAL_Driver/Src/stm32f1xx_hal_rcc_ex.o
 .comment       0x000000000000007b       0x7c Drivers/STM32F1xx_HAL_Driver/Src/stm32f1xx_hal_tim.o
 .comment       0x000000000000007b       0x7c Drivers/STM32F1xx_HAL_Driver/Src/stm32f1xx_hal_tim_ex.o
 .comment       0x000000000000007b       0x7c Drivers/STM32F1xx_HAL_Driver/Src/stm32f1xx_ll_usb.o
 .comment       0x000000000000007b       0x7c Middlewares/ST/STM32_USB_Device_Library/Class/HID/Src/usbd_hid.o
 .comment       0x000000000000007b       0x7c Middlewares/ST/STM32_USB_Device_Library/Core/Src/usbd_core.o
 .comment       0x000000000000007b       0x7c Middlewares/ST/STM32_USB_Device_Library/Core/Src/usbd_ctlreq.o
 .comment       0x000000000000007b       0x7c Middlewares/ST/STM32_USB_Device_Library/Core/Src/usbd_ioreq.o
 .comment       0x000000000000007b       0x7c USB_DEVICE/App/usb_device.o
 .comment       0x000000000000007b       0x7c USB_DEVICE/App/usbd_desc.o
 .comment       0x000000000000007b       0x7c USB_DEVICE/Target/usbd_conf.o

.debug_frame    0x0000000000000000     0x4c68
 .debug_frame   0x0000000000000000       0xdc Core/Src/keyPad.o
 .debug_frame   0x00000000000000dc       0xfc Core/Src/main.o
 .debug_frame   0x00000000000001d8      0x17c Core/Src/ssd1306.o
 .debug_frame   0x0000000000000354       0xc8 Core/Src/stm32f1xx_hal_msp.o
 .debug_frame   0x000000000000041c      0x144 Core/Src/stm32f1xx_it.o
 .debug_frame   0x0000000000000560       0x58 Core/Src/system_stm32f1xx.o
 .debug_frame   0x00000000000005b8      0x334 Drivers/STM32F1xx_HAL_Driver/Src/stm32f1xx_hal.o
 .debug_frame   0x00000000000008ec      0x428 Drivers/STM32F1xx_HAL_Driver/Src/stm32f1xx_hal_cortex.o
 .debug_frame   0x0000000000000d14      0x14c Drivers/STM32F1xx_HAL_Driver/Src/stm32f1xx_hal_gpio.o
 .debug_frame   0x0000000000000e60      0xc08 Drivers/STM32F1xx_HAL_Driver/Src/stm32f1xx_hal_i2c.o
 .debug_frame   0x0000000000001a68      0x500 Drivers/STM32F1xx_HAL_Driver/Src/stm32f1xx_hal_pcd.o
 .debug_frame   0x0000000000001f68       0xb0 Drivers/STM32F1xx_HAL_Driver/Src/stm32f1xx_hal_pcd_ex.o
 .debug_frame   0x0000000000002018      0x21c Drivers/STM32F1xx_HAL_Driver/Src/stm32f1xx_hal_rcc.o
 .debug_frame   0x0000000000002234       0x84 Drivers/STM32F1xx_HAL_Driver/Src/stm32f1xx_hal_rcc_ex.o
 .debug_frame   0x00000000000022b8     0x10e8 Drivers/STM32F1xx_HAL_Driver/Src/stm32f1xx_hal_tim.o
 .debug_frame   0x00000000000033a0      0x5c0 Drivers/STM32F1xx_HAL_Driver/Src/stm32f1xx_hal_tim_ex.o
 .debug_frame   0x0000000000003960      0x4d8 Drivers/STM32F1xx_HAL_Driver/Src/stm32f1xx_ll_usb.o
 .debug_frame   0x0000000000003e38      0x190 Middlewares/ST/STM32_USB_Device_Library/Class/HID/Src/usbd_hid.o
 .debug_frame   0x0000000000003fc8      0x300 Middlewares/ST/STM32_USB_Device_Library/Core/Src/usbd_core.o
 .debug_frame   0x00000000000042c8      0x218 Middlewares/ST/STM32_USB_Device_Library/Core/Src/usbd_ctlreq.o
 .debug_frame   0x00000000000044e0      0x10c Middlewares/ST/STM32_USB_Device_Library/Core/Src/usbd_ioreq.o
 .debug_frame   0x00000000000045ec       0x2c USB_DEVICE/App/usb_device.o
 .debug_frame   0x0000000000004618      0x160 USB_DEVICE/App/usbd_desc.o
 .debug_frame   0x0000000000004778      0x4a4 USB_DEVICE/Target/usbd_conf.o
 .debug_frame   0x0000000000004c1c       0x2c /opt/st/stm32cubeide_1.3.0/plugins/com.st.stm32cube.ide.mcu.externaltools.gnu-tools-for-stm32.7-2018-q2-update.linux64_1.0.0.201904181610/tools/bin/../lib/gcc/arm-none-eabi/7.3.1/../../../../arm-none-eabi/lib/thumb/v7-m/libc_nano.a(lib_a-init.o)
 .debug_frame   0x0000000000004c48       0x20 /opt/st/stm32cubeide_1.3.0/plugins/com.st.stm32cube.ide.mcu.externaltools.gnu-tools-for-stm32.7-2018-q2-update.linux64_1.0.0.201904181610/tools/bin/../lib/gcc/arm-none-eabi/7.3.1/../../../../arm-none-eabi/lib/thumb/v7-m/libc_nano.a(lib_a-memset.o)
